Component: ARM Compiler 5.06 update 6 (build 750) Tool: armlink [4d35ed]

==============================================================================

Section Cross References

    startup_stm32f103xb.o(STACK) refers (Special) to heapauxi.o(.text) for __use_two_region_memory
    startup_stm32f103xb.o(HEAP) refers (Special) to heapauxi.o(.text) for __use_two_region_memory
    startup_stm32f103xb.o(RESET) refers (Special) to heapauxi.o(.text) for __use_two_region_memory
    startup_stm32f103xb.o(RESET) refers to startup_stm32f103xb.o(STACK) for __initial_sp
    startup_stm32f103xb.o(RESET) refers to startup_stm32f103xb.o(.text) for Reset_Handler
    startup_stm32f103xb.o(RESET) refers to stm32f1xx_it.o(i.NMI_Handler) for NMI_Handler
    startup_stm32f103xb.o(RESET) refers to stm32f1xx_it.o(i.HardFault_Handler) for HardFault_Handler
    startup_stm32f103xb.o(RESET) refers to stm32f1xx_it.o(i.MemManage_Handler) for MemManage_Handler
    startup_stm32f103xb.o(RESET) refers to stm32f1xx_it.o(i.BusFault_Handler) for BusFault_Handler
    startup_stm32f103xb.o(RESET) refers to stm32f1xx_it.o(i.UsageFault_Handler) for UsageFault_Handler
    startup_stm32f103xb.o(RESET) refers to stm32f1xx_it.o(i.SVC_Handler) for SVC_Handler
    startup_stm32f103xb.o(RESET) refers to stm32f1xx_it.o(i.DebugMon_Handler) for DebugMon_Handler
    startup_stm32f103xb.o(RESET) refers to stm32f1xx_it.o(i.PendSV_Handler) for PendSV_Handler
    startup_stm32f103xb.o(RESET) refers to stm32f1xx_it.o(i.SysTick_Handler) for SysTick_Handler
    startup_stm32f103xb.o(RESET) refers to stm32f1xx_it.o(i.USART1_IRQHandler) for USART1_IRQHandler
    startup_stm32f103xb.o(RESET) refers to stm32f1xx_it.o(i.USART2_IRQHandler) for USART2_IRQHandler
    startup_stm32f103xb.o(.text) refers (Special) to heapauxi.o(.text) for __use_two_region_memory
    startup_stm32f103xb.o(.text) refers to system_stm32f1xx.o(i.SystemInit) for SystemInit
    startup_stm32f103xb.o(.text) refers to __main.o(!!!main) for __main
    startup_stm32f103xb.o(.text) refers to startup_stm32f103xb.o(HEAP) for Heap_Mem
    startup_stm32f103xb.o(.text) refers to startup_stm32f103xb.o(STACK) for Stack_Mem
    main.o(i.HAL_UART_RxCpltCallback) refers to stm32f1xx_hal_uart.o(i.HAL_UART_Receive_IT) for HAL_UART_Receive_IT
    main.o(i.HAL_UART_RxCpltCallback) refers to main.o(.data) for .data
    main.o(i.HAL_UART_RxCpltCallback) refers to usart.o(.bss) for huart2
    main.o(i.SystemClock_Config) refers to rt_memclr_w.o(.text) for __aeabi_memclr4
    main.o(i.SystemClock_Config) refers to stm32f1xx_hal_rcc.o(i.HAL_RCC_OscConfig) for HAL_RCC_OscConfig
    main.o(i.SystemClock_Config) refers to stm32f1xx_hal_rcc.o(i.HAL_RCC_ClockConfig) for HAL_RCC_ClockConfig
    main.o(i.display_data) refers to oled.o(i.OLED_ShowNum) for OLED_ShowNum
    main.o(i.display_data) refers to oled.o(i.OLED_Update) for OLED_Update
    main.o(i.display_data) refers to main.o(.data) for .data
    main.o(i.getData) refers to stm32f1xx_hal_uart.o(i.HAL_UART_Transmit) for HAL_UART_Transmit
    main.o(i.getData) refers to main.o(.data) for .data
    main.o(i.getData) refers to usart.o(.bss) for huart2
    main.o(i.main) refers to stm32f1xx_hal.o(i.HAL_Init) for HAL_Init
    main.o(i.main) refers to main.o(i.SystemClock_Config) for SystemClock_Config
    main.o(i.main) refers to delay.o(i.delay_init) for delay_init
    main.o(i.main) refers to gpio.o(i.MX_GPIO_Init) for MX_GPIO_Init
    main.o(i.main) refers to usart.o(i.MX_USART1_UART_Init) for MX_USART1_UART_Init
    main.o(i.main) refers to usart.o(i.MX_USART2_UART_Init) for MX_USART2_UART_Init
    main.o(i.main) refers to led.o(i.led_init) for led_init
    main.o(i.main) refers to oled.o(i.OLED_Init) for OLED_Init
    main.o(i.main) refers to oled.o(i.OLED_ShowString) for OLED_ShowString
    main.o(i.main) refers to oled.o(i.OLED_ShowChinese) for OLED_ShowChinese
    main.o(i.main) refers to oled.o(i.OLED_Update) for OLED_Update
    main.o(i.main) refers to stm32f1xx_hal_uart.o(i.HAL_UART_Receive_IT) for HAL_UART_Receive_IT
    main.o(i.main) refers to max30102.o(i.max30102_init) for max30102_init
    main.o(i.main) refers to max30102.o(i.max30102_Read_Data) for max30102_Read_Data
    main.o(i.main) refers to main.o(i.getData) for getData
    main.o(i.main) refers to main.o(i.display_data) for display_data
    main.o(i.main) refers to stm32f1xx_hal_gpio.o(i.HAL_GPIO_TogglePin) for HAL_GPIO_TogglePin
    main.o(i.main) refers to stm32f1xx_hal_uart.o(i.HAL_UART_Transmit) for HAL_UART_Transmit
    main.o(i.main) refers to main.o(.data) for .data
    main.o(i.main) refers to usart.o(.bss) for huart2
    gpio.o(i.MX_GPIO_Init) refers to stm32f1xx_hal_gpio.o(i.HAL_GPIO_WritePin) for HAL_GPIO_WritePin
    gpio.o(i.MX_GPIO_Init) refers to stm32f1xx_hal_gpio.o(i.HAL_GPIO_Init) for HAL_GPIO_Init
    usart.o(i.HAL_UART_MspDeInit) refers to stm32f1xx_hal_gpio.o(i.HAL_GPIO_DeInit) for HAL_GPIO_DeInit
[...]
    ../clib/armsys.c                         0x00000000   Number         0  argv_veneer.o ABSOLUTE
    ../clib/armsys.c                         0x00000000   Number         0  no_argv.o ABSOLUTE
    ../clib/armsys.c                         0x00000000   Number         0  _get_argv_nomalloc.o ABSOLUTE
    ../clib/armsys.c                         0x00000000   Number         0  argv_veneer.o ABSOLUTE
    ../clib/bigflt.c                         0x00000000   Number         0  bigflt0.o ABSOLUTE
    ../clib/btod.s                           0x00000000   Number         0  btod.o ABSOLUTE
    ../clib/fenv.c                           0x00000000   Number         0  _rserrno.o ABSOLUTE
    ../clib/heapalloc.c                      0x00000000   Number         0  hrguard.o ABSOLUTE
    ../clib/heapaux.c                        0x00000000   Number         0  heapauxi.o ABSOLUTE
    ../clib/libinit.s                        0x00000000   Number         0  libinit2.o ABSOLUTE
    ../clib/libinit.s                        0x00000000   Number         0  libshutdown2.o ABSOLUTE
    ../clib/libinit.s                        0x00000000   Number         0  libshutdown.o ABSOLUTE
    ../clib/libinit.s                        0x00000000   Number         0  libinit.o ABSOLUTE
    ../clib/locale.c                         0x00000000   Number         0  _wcrtomb.o ABSOLUTE
    ../clib/locale.s                         0x00000000   Number         0  lc_numeric_c.o ABSOLUTE
    ../clib/locale.s                         0x00000000   Number         0  lc_ctype_c.o ABSOLUTE
    ../clib/longlong.s                       0x00000000   Number         0  llushr.o ABSOLUTE
    ../clib/longlong.s                       0x00000000   Number         0  lludiv10.o ABSOLUTE
    ../clib/memcpset.s                       0x00000000   Number         0  rt_memclr_w.o ABSOLUTE
    ../clib/memcpset.s                       0x00000000   Number         0  strcmpv7m.o ABSOLUTE
    ../clib/misc.s                           0x00000000   Number         0  printf_stubs.o ABSOLUTE
    ../clib/printf.c                         0x00000000   Number         0  _printf_char_common.o ABSOLUTE
    ../clib/printf.c                         0x00000000   Number         0  __printf_flags_ss_wp.o ABSOLUTE
    ../clib/printf.c                         0x00000000   Number         0  _sputc.o ABSOLUTE
    ../clib/printf.c                         0x00000000   Number         0  __printf_ss_wp.o ABSOLUTE
    ../clib/printf.c                         0x00000000   Number         0  _printf_wctomb.o ABSOLUTE
    ../clib/printf.c                         0x00000000   Number         0  _printf_longlong_dec.o ABSOLUTE
    ../clib/printf.c                         0x00000000   Number         0  _printf_oct_ll.o ABSOLUTE
    ../clib/printf.c                         0x00000000   Number         0  _printf_oct_int_ll.o ABSOLUTE
    ../clib/printf.c                         0x00000000   Number         0  _printf_hex_ll.o ABSOLUTE
    ../clib/printf.c                         0x00000000   Number         0  _printf_oct_int.o ABSOLUTE
    ../clib/printf.c                         0x00000000   Number         0  _printf_hex_int.o ABSOLUTE
    ../clib/printf.c                         0x00000000   Number         0  _printf_fp_infnan.o ABSOLUTE
    ../clib/printf.c                         0x00000000   Number         0  _printf_hex_int_ll.o ABSOLUTE
    ../clib/printf.c                         0x00000000   Number         0  __printf_flags_ss.o ABSOLUTE
    ../clib/printf.c                         0x00000000   Number         0  vsprintf.o ABSOLUTE
    ../clib/printf.c                         0x00000000   Number         0  __printf.o ABSOLUTE
    ../clib/printf.c                         0x00000000   Number         0  _printf_pad.o ABSOLUTE
    ../clib/printf.c                         0x00000000   Number         0  _printf_dec.o ABSOLUTE
    ../clib/printf.c                         0x00000000   Number         0  __printf_wp.o ABSOLUTE
    ../clib/printf.c                         0x00000000   Number         0  _printf_hex_ptr.o ABSOLUTE
    ../clib/printf.c                         0x00000000   Number         0  _printf_hex_int_ptr.o ABSOLUTE
    ../clib/printf.c                         0x00000000   Number         0  _printf_wchar.o ABSOLUTE
    ../clib/printf.c                         0x00000000   Number         0  _printf_char.o ABSOLUTE
    ../clib/printf.c                         0x00000000   Number         0  __printf_nopercent.o ABSOLUTE
    ../clib/printf.c                         0x00000000   Number         0  _printf_fp_hex.o ABSOLUTE
    ../clib/printf.c                         0x00000000   Number         0  _printf_fp_dec.o ABSOLUTE
    ../clib/printf.c                         0x00000000   Number         0  _printf_intcommon.o ABSOLUTE
    ../clib/printf.c                         0x00000000   Number         0  _printf_charcount.o ABSOLUTE
    ../clib/printf.c                         0x00000000   Number         0  _printf_hex_ll_ptr.o ABSOLUTE
    ../clib/printf.c                         0x00000000   Number         0  _printf_hex_int_ll_ptr.o ABSOLUTE
    ../clib/printf.c                         0x00000000   Number         0  __printf_flags.o ABSOLUTE
    ../clib/printf.c                         0x00000000   Number         0  __printf_ss.o ABSOLUTE
    ../clib/printf.c                         0x00000000   Number         0  _printf_truncate.o ABSOLUTE
    ../clib/printf.c                         0x00000000   Number         0  __printf_flags_wp.o ABSOLUTE
    ../clib/printf.c                         0x00000000   Number         0  _printf_str.o ABSOLUTE
    ../clib/printf_percent.s                 0x00000000   Number         0  _printf_lc.o ABSOLUTE
    ../clib/printf_percent.s                 0x00000000   Number         0  _printf_ls.o ABSOLUTE
    ../clib/printf_percent.s                 0x00000000   Number         0  _printf_llo.o ABSOLUTE
    ../clib/printf_percent.s                 0x00000000   Number         0  _printf_llx.o ABSOLUTE
    ../clib/printf_percent.s                 0x00000000   Number         0  _printf_a.o ABSOLUTE
    ../clib/printf_percent.s                 0x00000000   Number         0  _printf_ll.o ABSOLUTE
    ../clib/printf_percent.s                 0x00000000   Number         0  _printf_percent_end.o ABSOLUTE
    ../clib/printf_percent.s                 0x00000000   Number         0  _printf_percent.o ABSOLUTE
    ../clib/printf_percent.s                 0x00000000   Number         0  _printf_g.o ABSOLUTE
    ../clib/printf_percent.s                 0x00000000   Number         0  _printf_e.o ABSOLUTE
    ../clib/printf_percent.s                 0x00000000   Number         0  _printf_f.o ABSOLUTE
    ../clib/printf_percent.s                 0x00000000   Number         0  _printf_u.o ABSOLUTE
    ../clib/printf_percent.s                 0x00000000   Number         0  _printf_d.o ABSOLUTE
    ../clib/printf_percent.s                 0x00000000   Number         0  _printf_i.o ABSOLUTE
    ../clib/printf_percent.s                 0x00000000   Number         0  _printf_o.o ABSOLUTE
    ../clib/printf_percent.s                 0x00000000   Number         0  _printf_p.o ABSOLUTE
    ../clib/printf_percent.s                 0x00000000   Number         0  _printf_c.o ABSOLUTE
    ../clib/printf_percent.s                 0x00000000   Number         0  _printf_s.o ABSOLUTE
    ../clib/printf_percent.s                 0x00000000   Number         0  _printf_n.o ABSOLUTE
    ../clib/printf_percent.s                 0x00000000   Number         0  _printf_llu.o ABSOLUTE
    ../clib/printf_percent.s                 0x00000000   Number         0  _printf_lld.o ABSOLUTE
    ../clib/printf_percent.s                 0x00000000   Number         0  _printf_lli.o ABSOLUTE
    ../clib/printf_percent.s                 0x00000000   Number         0  _printf_x.o ABSOLUTE
    ../clib/printf_percent.s                 0x00000000   Number         0  _printf_l.o ABSOLUTE
    ../clib/signal.c                         0x00000000   Number         0  defsig_general.o ABSOLUTE
    ../clib/signal.c                         0x00000000   Number         0  __raise.o ABSOLUTE
    ../clib/signal.c                         0x00000000   Number         0  defsig_rtmem_inner.o ABSOLUTE
    ../clib/signal.c                         0x00000000   Number         0  defsig_exit.o ABSOLUTE
    ../clib/signal.c                         0x00000000   Number         0  defsig_rtmem_formal.o ABSOLUTE
    ../clib/signal.c                         0x00000000   Number         0  defsig_stak_inner.o ABSOLUTE
    ../clib/signal.c                         0x00000000   Number         0  defsig_abrt_inner.o ABSOLUTE
    ../clib/signal.c                         0x00000000   Number         0  defsig_fpe_inner.o ABSOLUTE
    ../clib/signal.c                         0x00000000   Number         0  defsig_rtred_inner.o ABSOLUTE
    ../clib/signal.c                         0x00000000   Number         0  defsig_pvfn_inner.o ABSOLUTE
    ../clib/signal.c                         0x00000000   Number         0  defsig_cppl_inner.o ABSOLUTE
    ../clib/signal.c                         0x00000000   Number         0  defsig_segv_inner.o ABSOLUTE
    ../clib/signal.c                         0x00000000   Number         0  defsig_other.o ABSOLUTE
    ../clib/signal.c                         0x00000000   Number         0  defsig_rtmem_outer.o ABSOLUTE
    ../clib/signal.s                         0x00000000   Number         0  defsig.o ABSOLUTE
    ../clib/stdlib.c                         0x00000000   Number         0  exit.o ABSOLUTE
    ../fplib/d2f.s                           0x00000000   Number         0  d2f.o ABSOLUTE
    ../fplib/daddsub.s                       0x00000000   Number         0  daddsub_clz.o ABSOLUTE
    ../fplib/dcheck1.s                       0x00000000   Number         0  dcheck1.o ABSOLUTE
    ../fplib/dcmpi.s                         0x00000000   Number         0  dcmpi.o ABSOLUTE
    ../fplib/ddiv.s                          0x00000000   Number         0  ddiv.o ABSOLUTE
    ../fplib/dfix.s                          0x00000000   Number         0  dfix.o ABSOLUTE
    ../fplib/dfixu.s                         0x00000000   Number         0  dfixu.o ABSOLUTE
    ../fplib/dflt.s                          0x00000000   Number         0  dflt_clz.o ABSOLUTE
    ../fplib/dleqf.s                         0x00000000   Number         0  dleqf.o ABSOLUTE
    ../fplib/dmul.s                          0x00000000   Number         0  dmul.o ABSOLUTE
    ../fplib/dnaninf.s                       0x00000000   Number         0  dnaninf.o ABSOLUTE
    ../fplib/dretinf.s                       0x00000000   Number         0  dretinf.o ABSOLUTE
    ../fplib/drleqf.s                        0x00000000   Number         0  drleqf.o ABSOLUTE
    ../fplib/drnd.s                          0x00000000   Number         0  drnd.o ABSOLUTE
    ../fplib/faddsub.s                       0x00000000   Number         0  faddsub_clz.o ABSOLUTE
    ../fplib/fdiv.s                          0x00000000   Number         0  fdiv.o ABSOLUTE
    ../fplib/ffix.s                          0x00000000   Number         0  ffix.o ABSOLUTE
    ../fplib/fflt.s                          0x00000000   Number         0  fflt_clz.o ABSOLUTE
    ../fplib/fmul.s                          0x00000000   Number         0  fmul.o ABSOLUTE
    ../fplib/fnaninf.s                       0x00000000   Number         0  fnaninf.o ABSOLUTE
    ../fplib/fpinit.s                        0x00000000   Number         0  fpinit.o ABSOLUTE
    ../fplib/fretinf.s                       0x00000000   Number         0  fretinf.o ABSOLUTE
    ../fplib/istatus.s                       0x00000000   Number         0  istatus.o ABSOLUTE
    ../fplib/printf1.s                       0x00000000   Number         0  printf1.o ABSOLUTE
    ../fplib/printf2.s                       0x00000000   Number         0  printf2.o ABSOLUTE
    ../fplib/printf2a.s                      0x00000000   Number         0  printf2a.o ABSOLUTE
    ../fplib/printf2b.s                      0x00000000   Number         0  printf2b.o ABSOLUTE
    ../fplib/retnan.s                        0x00000000   Number         0  retnan.o ABSOLUTE
    ../fplib/scalbn.s                        0x00000000   Number         0  scalbn.o ABSOLUTE
    ../fplib/trapv.s                         0x00000000   Number         0  trapv.o ABSOLUTE
    ../fplib/usenofp.s                       0x00000000   Number         0  usenofp.o ABSOLUTE
    ../mathlib/atan.c                        0x00000000   Number         0  atan_x.o ABSOLUTE
    ../mathlib/atan.c                        0x00000000   Number         0  atan.o ABSOLUTE
    ../mathlib/atan2.c                       0x00000000   Number         0  atan2_x.o ABSOLUTE
    ../mathlib/atan2.c                       0x00000000   Number         0  atan2.o ABSOLUTE
    ../mathlib/dunder.c                      0x00000000   Number         0  dunder.o ABSOLUTE
    ../mathlib/fpclassify.c                  0x00000000   Number         0  fpclassify.o ABSOLUTE
    ../mathlib/poly.c                        0x00000000   Number         0  poly.o ABSOLUTE
    ../mathlib/qnan.c                        0x00000000   Number         0  qnan.o ABSOLUTE
    ../mathlib/round.c                       0x00000000   Number         0  round.o ABSOLUTE
    ..\Core\LED\led.c                        0x00000000   Number         0  led.o ABSOLUTE
    ..\Core\MAX30102\Mis.c                   0x00000000   Number         0  mis.o ABSOLUTE
    ..\Core\MAX30102\algorithm.c             0x00000000   Number         0  algorithm.o ABSOLUTE
    ..\Core\MAX30102\max30102.c              0x00000000   Number         0  max30102.o ABSOLUTE
    ..\Core\MAX30102\xiic.c                  0x00000000   Number         0  xiic.o ABSOLUTE
    ..\Core\OLED\OLED.c                      0x00000000   Number         0  oled.o ABSOLUTE
    ..\Core\OLED\OLED_Data.c                 0x00000000   Number         0  oled_data.o ABSOLUTE
    ..\Core\Src\gpio.c                       0x00000000   Number         0  gpio.o ABSOLUTE
    ..\Core\Src\main.c                       0x00000000   Number         0  main.o ABSOLUTE
    ..\Core\Src\stm32f1xx_hal_msp.c          0x00000000   Number         0  stm32f1xx_hal_msp.o ABSOLUTE
    ..\Core\Src\stm32f1xx_it.c               0x00000000   Number         0  stm32f1xx_it.o ABSOLUTE
    ..\Core\Src\system_stm32f1xx.c           0x00000000   Number         0  system_stm32f1xx.o ABSOLUTE
    ..\Core\Src\usart.c                      0x00000000   Number         0  usart.o ABSOLUTE
    ..\Core\delay\delay.c                    0x00000000   Number         0  delay.o ABSOLUTE
    ..\Drivers\STM32F1xx_HAL_Driver\Src\stm32f1xx_hal.c 0x00000000   Number         0  stm32f1xx_hal.o ABSOLUTE
    ..\Drivers\STM32F1xx_HAL_Driver\Src\stm32f1xx_hal_cortex.c 0x00000000   Number         0  stm32f1xx_hal_cortex.o ABSOLUTE
    ..\Drivers\STM32F1xx_HAL_Driver\Src\stm32f1xx_hal_dma.c 0x00000000   Number         0  stm32f1xx_hal_dma.o ABSOLUTE
    ..\Drivers\STM32F1xx_HAL_Driver\Src\stm32f1xx_hal_exti.c 0x00000000   Number         0  stm32f1xx_hal_exti.o ABSOLUTE
    ..\Drivers\STM32F1xx_HAL_Driver\Src\stm32f1xx_hal_flash.c 0x00000000   Number         0  stm32f1xx_hal_flash.o ABSOLUTE
    ..\Drivers\STM32F1xx_HAL_Driver\Src\stm32f1xx_hal_flash_ex.c 0x00000000   Number         0  stm32f1xx_hal_flash_ex.o ABSOLUTE
    ..\Drivers\STM32F1xx_HAL_Driver\Src\stm32f1xx_hal_gpio.c 0x00000000   Number         0  stm32f1xx_hal_gpio.o ABSOLUTE
    ..\Drivers\STM32F1xx_HAL_Driver\Src\stm32f1xx_hal_gpio_ex.c 0x00000000   Number         0  stm32f1xx_hal_gpio_ex.o ABSOLUTE
    ..\Drivers\STM32F1xx_HAL_Driver\Src\stm32f1xx_hal_pwr.c 0x00000000   Number         0  stm32f1xx_hal_pwr.o ABSOLUTE
    ..\Drivers\STM32F1xx_HAL_Driver\Src\stm32f1xx_hal_rcc.c 0x00000000   Number         0  stm32f1xx_hal_rcc.o ABSOLUTE
    ..\Drivers\STM32F1xx_HAL_Driver\Src\stm32f1xx_hal_rcc_ex.c 0x00000000   Number         0  stm32f1xx_hal_rcc_ex.o ABSOLUTE
    ..\Drivers\STM32F1xx_HAL_Driver\Src\stm32f1xx_hal_tim.c 0x00000000   Number         0  stm32f1xx_hal_tim.o ABSOLUTE
    ..\Drivers\STM32F1xx_HAL_Driver\Src\stm32f1xx_hal_tim_ex.c 0x00000000   Number         0  stm32f1xx_hal_tim_ex.o ABSOLUTE
    ..\Drivers\STM32F1xx_HAL_Driver\Src\stm32f1xx_hal_uart.c 0x00000000   Number         0  stm32f1xx_hal_uart.o ABSOLUTE
    ..\User\debug_printf.c                   0x00000000   Number         0  debug_printf.o ABSOLUTE
    ..\\Core\\LED\\led.c                     0x00000000   Number         0  led.o ABSOLUTE
    ..\\Core\\MAX30102\\Mis.c                0x00000000   Number         0  mis.o ABSOLUTE
    ..\\Core\\MAX30102\\algorithm.c          0x00000000   Number         0  algorithm.o ABSOLUTE
    ..\\Core\\MAX30102\\max30102.c           0x00000000   Number         0  max30102.o ABSOLUTE
    ..\\Core\\MAX30102\\xiic.c               0x00000000   Number         0  xiic.o ABSOLUTE
    ..\\Core\\OLED\\OLED.c                   0x00000000   Number         0  oled.o ABSOLUTE
    ..\\Core\\delay\\delay.c                 0x00000000   Number         0  delay.o ABSOLUTE
    ..\\User\\debug_printf.c                 0x00000000   Number         0  debug_printf.o ABSOLUTE
    dc.s                                     0x00000000   Number         0  dc.o ABSOLUTE
    startup_stm32f103xb.s                    0x00000000   Number         0  startup_stm32f103xb.o ABSOLUTE
    RESET                                    0x08000000   Section      236  startup_stm32f103xb.o(RESET)
    !!!main                                  0x080000ec   Section        8  __main.o(!!!main)
    !!!scatter                               0x080000f4   Section       52  __scatter.o(!!!scatter)
    !!handler_copy                           0x08000128   Section       26  __scatter_copy.o(!!handler_copy)
    !!handler_zi                             0x08000144   Section       28  __scatter_zi.o(!!handler_zi)
    .ARM.Collect$$libinit$$00000000          0x08000160   Section        2  libinit.o(.ARM.Collect$$libinit$$00000000)
    .ARM.Collect$$libinit$$00000002          0x08000162   Section        0  libinit2.o(.ARM.Collect$$libinit$$00000002)
    .ARM.Collect$$libinit$$00000004          0x08000162   Section        0  libinit2.o(.ARM.Collect$$libinit$$00000004)
    .ARM.Collect$$libinit$$0000000A          0x08000162   Section        0  libinit2.o(.ARM.Collect$$libinit$$0000000A)
    .ARM.Collect$$libinit$$0000000C          0x08000162   Section        0  libinit2.o(.ARM.Collect$$libinit$$0000000C)
    .ARM.Collect$$libinit$$0000000E          0x08000162   Section        0  libinit2.o(.ARM.Collect$$libinit$$0000000E)
    .ARM.Collect$$libinit$$00000011          0x08000162   Section        0  libinit2.o(.ARM.Collect$$libinit$$00000011)
    .ARM.Collect$$libinit$$00000013          0x08000162   Section        0  libinit2.o(.ARM.Collect$$libinit$$00000013)
    .ARM.Collect$$libinit$$00000015          0x08000162   Section        0  libinit2.o(.ARM.Collect$$libinit$$00000015)
    .ARM.Collect$$libinit$$00000017          0x08000162   Section        0  libinit2.o(.ARM.Collect$$libinit$$00000017)
    .ARM.Collect$$libinit$$00000019          0x08000162   Section        0  libinit2.o(.ARM.Collect$$libinit$$00000019)
    .ARM.Collect$$libinit$$0000001B          0x08000162   Section        0  libinit2.o(.ARM.Collect$$libinit$$0000001B)
    .ARM.Collect$$libinit$$0000001D          0x08000162   Section        0  libinit2.o(.ARM.Collect$$libinit$$0000001D)
    .ARM.Collect$$libinit$$0000001F          0x08000162   Section        0  libinit2.o(.ARM.Collect$$libinit$$0000001F)
    .ARM.Collect$$libinit$$00000021          0x08000162   Section        0  libinit2.o(.ARM.Collect$$libinit$$00000021)
    .ARM.Collect$$libinit$$00000023          0x08000162   Section        0  libinit2.o(.ARM.Collect$$libinit$$00000023)
    .ARM.Collect$$libinit$$00000025          0x08000162   Section        0  libinit2.o(.ARM.Collect$$libinit$$00000025)
    .ARM.Collect$$libinit$$0000002C          0x08000162   Section        0  libinit2.o(.ARM.Collect$$libinit$$0000002C)
    .ARM.Collect$$libinit$$0000002E          0x08000162   Section        0  libinit2.o(.ARM.Collect$$libinit$$0000002E)
    .ARM.Collect$$libinit$$00000030          0x08000162   Section        0  libinit2.o(.ARM.Collect$$libinit$$00000030)
    .ARM.Collect$$libinit$$00000032          0x08000162   Section        0  libinit2.o(.ARM.Collect$$libinit$$00000032)
    .ARM.Collect$$libinit$$00000033          0x08000162   Section        2  libinit2.o(.ARM.Collect$$libinit$$00000033)
    .ARM.Collect$$libshutdown$$00000000      0x08000164   Section        2  libshutdown.o(.ARM.Collect$$libshutdown$$00000000)
    .ARM.Collect$$libshutdown$$00000002      0x08000166   Section        0  libshutdown2.o(.ARM.Collect$$libshutdown$$00000002)
    .ARM.Collect$$libshutdown$$00000004      0x08000166   Section        0  libshutdown2.o(.ARM.Collect$$libshutdown$$00000004)
    .ARM.Collect$$libshutdown$$00000007      0x08000166   Section        0  libshutdown2.o(.ARM.Collect$$libshutdown$$00000007)
    .ARM.Collect$$libshutdown$$0000000A      0x08000166   Section        0  libshutdown2.o(.ARM.Collect$$libshutdown$$0000000A)
    .ARM.Collect$$libshutdown$$0000000C      0x08000166   Section        0  libshutdown2.o(.ARM.Collect$$libshutdown$$0000000C)
    .ARM.Collect$$libshutdown$$0000000F      0x08000166   Section        0  libshutdown2.o(.ARM.Collect$$libshutdown$$0000000F)
    .ARM.Collect$$libshutdown$$00000010      0x08000166   Section        2  libshutdown2.o(.ARM.Collect$$libshutdown$$00000010)
    .ARM.Collect$$rtentry$$00000000          0x08000168   Section        0  __rtentry.o(.ARM.Collect$$rtentry$$00000000)
    .ARM.Collect$$rtentry$$00000002          0x08000168   Section        0  __rtentry2.o(.ARM.Collect$$rtentry$$00000002)
    .ARM.Collect$$rtentry$$00000004          0x08000168   Section        6  __rtentry4.o(.ARM.Collect$$rtentry$$00000004)
    .ARM.Collect$$rtentry$$00000009          0x0800016e   Section        0  __rtentry2.o(.ARM.Collect$$rtentry$$00000009)
    .ARM.Collect$$rtentry$$0000000A          0x0800016e   Section        4  __rtentry2.o(.ARM.Collect$$rtentry$$0000000A)
    .ARM.Collect$$rtentry$$0000000C          0x08000172   Section        0  __rtentry2.o(.ARM.Collect$$rtentry$$0000000C)
    .ARM.Collect$$rtentry$$0000000D          0x08000172   Section        8  __rtentry2.o(.ARM.Collect$$rtentry$$0000000D)
    .ARM.Collect$$rtexit$$00000000           0x0800017a   Section        2  rtexit.o(.ARM.Collect$$rtexit$$00000000)
    .ARM.Collect$$rtexit$$00000002           0x0800017c   Section        0  rtexit2.o(.ARM.Collect$$rtexit$$00000002)
    .ARM.Collect$$rtexit$$00000003           0x0800017c   Section        4  rtexit2.o(.ARM.Collect$$rtexit$$00000003)
    .ARM.Collect$$rtexit$$00000004           0x08000180   Section        6  rtexit2.o(.ARM.Collect$$rtexit$$00000004)
    .text                                    0x08000188   Section       64  startup_stm32f103xb.o(.text)
    .text                                    0x080001c8   Section       78  rt_memclr_w.o(.text)
    .text                                    0x08000218   Section      128  strcmpv7m.o(.text)
    .text                                    0x08000298   Section        0  heapauxi.o(.text)
    .text                                    0x080002a0   Section        8  libspace.o(.text)
    .text                                    0x080002a8   Section       74  sys_stackheap_outer.o(.text)
    .text                                    0x080002f2   Section        0  exit.o(.text)
    i.BusFault_Handler                       0x08000304   Section        0  stm32f1xx_it.o(i.BusFault_Handler)
    i.DebugMon_Handler                       0x08000306   Section        0  stm32f1xx_it.o(i.DebugMon_Handler)
    i.Error_Handler                          0x08000308   Section        0  main.o(i.Error_Handler)
    i.HAL_DMA_Abort                          0x0800030c   Section        0  stm32f1xx_hal_dma.o(i.HAL_DMA_Abort)
    i.HAL_DMA_Abort_IT                       0x08000354   Section        0  stm32f1xx_hal_dma.o(i.HAL_DMA_Abort_IT)
    i.HAL_GPIO_Init                          0x080003ec   Section        0  stm32f1xx_hal_gpio.o(i.HAL_GPIO_Init)
    i.HAL_GPIO_ReadPin                       0x080005cc   Section        0  stm32f1xx_hal_gpio.o(i.HAL_GPIO_ReadPin)
    i.HAL_GPIO_TogglePin                     0x080005d6   Section        0  stm32f1xx_hal_gpio.o(i.HAL_GPIO_TogglePin)
    i.HAL_GPIO_WritePin                      0x080005e6   Section        0  stm32f1xx_hal_gpio.o(i.HAL_GPIO_WritePin)
    i.HAL_GetTick                            0x080005f0   Section        0  stm32f1xx_hal.o(i.HAL_GetTick)
    i.HAL_IncTick                            0x080005fc   Section        0  stm32f1xx_hal.o(i.HAL_IncTick)
    i.HAL_Init                               0x0800060c   Section        0  stm32f1xx_hal.o(i.HAL_Init)
    i.HAL_InitTick                           0x08000630   Section        0  stm32f1xx_hal.o(i.HAL_InitTick)
    i.HAL_MspInit                            0x08000670   Section        0  stm32f1xx_hal_msp.o(i.HAL_MspInit)
    i.HAL_NVIC_EnableIRQ                     0x080006ac   Section        0  stm32f1xx_hal_cortex.o(i.HAL_NVIC_EnableIRQ)
    i.HAL_NVIC_SetPriority                   0x080006c8   Section        0  stm32f1xx_hal_cortex.o(i.HAL_NVIC_SetPriority)
    i.HAL_NVIC_SetPriorityGrouping           0x08000708   Section        0  stm32f1xx_hal_cortex.o(i.HAL_NVIC_SetPriorityGrouping)
    i.HAL_RCC_ClockConfig                    0x0800072c   Section        0  stm32f1xx_hal_rcc.o(i.HAL_RCC_ClockConfig)
    i.HAL_RCC_GetPCLK1Freq                   0x08000858   Section        0  stm32f1xx_hal_rcc.o(i.HAL_RCC_GetPCLK1Freq)
    i.HAL_RCC_GetPCLK2Freq                   0x08000878   Section        0  stm32f1xx_hal_rcc.o(i.HAL_RCC_GetPCLK2Freq)
    i.HAL_RCC_GetSysClockFreq                0x08000898   Section        0  stm32f1xx_hal_rcc.o(i.HAL_RCC_GetSysClockFreq)
    i.HAL_RCC_OscConfig                      0x08000904   Section        0  stm32f1xx_hal_rcc.o(i.HAL_RCC_OscConfig)
    i.HAL_SYSTICK_Config                     0x08000c24   Section        0  stm32f1xx_hal_cortex.o(i.HAL_SYSTICK_Config)
    i.HAL_UARTEx_RxEventCallback             0x08000c4c   Section        0  stm32f1xx_hal_uart.o(i.HAL_UARTEx_RxEventCallback)
    i.HAL_UART_ErrorCallback                 0x08000c4e   Section        0  stm32f1xx_hal_uart.o(i.HAL_UART_ErrorCallback)
    i.HAL_UART_IRQHandler                    0x08000c50   Section        0  stm32f1xx_hal_uart.o(i.HAL_UART_IRQHandler)
    i.HAL_UART_Init                          0x08000e5c   Section        0  stm32f1xx_hal_uart.o(i.HAL_UART_Init)
    i.HAL_UART_MspInit                       0x08000ec0   Section        0  usart.o(i.HAL_UART_MspInit)
    i.HAL_UART_Receive_IT                    0x08000fb8   Section        0  stm32f1xx_hal_uart.o(i.HAL_UART_Receive_IT)
    i.HAL_UART_RxCpltCallback                0x08000fe4   Section        0  main.o(i.HAL_UART_RxCpltCallback)
    i.HAL_UART_Transmit                      0x08001010   Section        0  stm32f1xx_hal_uart.o(i.HAL_UART_Transmit)
    i.HAL_UART_TxCpltCallback                0x080010c2   Section        0  stm32f1xx_hal_uart.o(i.HAL_UART_TxCpltCallback)
    i.HardFault_Handler                      0x080010c4   Section        0  stm32f1xx_it.o(i.HardFault_Handler)
    i.IIC_Ack                                0x080010c8   Section        0  xiic.o(i.IIC_Ack)
    i.IIC_Init                               0x0800110c   Section        0  xiic.o(i.IIC_Init)
    i.IIC_NAck                               0x0800116c   Section        0  xiic.o(i.IIC_NAck)
    i.IIC_Read_Byte                          0x080011b0   Section        0  xiic.o(i.IIC_Read_Byte)
    i.IIC_Send_Byte                          0x08001214   Section        0  xiic.o(i.IIC_Send_Byte)
    i.IIC_Start                              0x08001274   Section        0  xiic.o(i.IIC_Start)
    i.IIC_Stop                               0x080012bc   Section        0  xiic.o(i.IIC_Stop)
    i.IIC_Wait_Ack                           0x08001304   Section        0  xiic.o(i.IIC_Wait_Ack)
    i.MX_GPIO_Init                           0x08001360   Section        0  gpio.o(i.MX_GPIO_Init)
    i.MX_USART1_UART_Init                    0x080013e0   Section        0  usart.o(i.MX_USART1_UART_Init)
    i.MX_USART2_UART_Init                    0x08001420   Section        0  usart.o(i.MX_USART2_UART_Init)
    i.MemManage_Handler                      0x08001460   Section        0  stm32f1xx_it.o(i.MemManage_Handler)
    i.NMI_Handler                            0x08001462   Section        0  stm32f1xx_it.o(i.NMI_Handler)
    i.OLED_Clear                             0x08001464   Section        0  oled.o(i.OLED_Clear)
    i.OLED_ClearArea                         0x0800148c   Section        0  oled.o(i.OLED_ClearArea)
    i.OLED_GPIO_Init                         0x080014e8   Section        0  oled.o(i.OLED_GPIO_Init)
    i.OLED_I2C_SendByte                      0x08001554   Section        0  oled.o(i.OLED_I2C_SendByte)
    i.OLED_I2C_Start                         0x0800158e   Section        0  oled.o(i.OLED_I2C_Start)
    i.OLED_I2C_Stop                          0x080015ac   Section        0  oled.o(i.OLED_I2C_Stop)
    i.OLED_Init                              0x080015c4   Section        0  oled.o(i.OLED_Init)
    i.OLED_Pow                               0x08001660   Section        0  oled.o(i.OLED_Pow)
    i.OLED_SetCursor                         0x0800166e   Section        0  oled.o(i.OLED_SetCursor)
    i.OLED_ShowChar                          0x08001690   Section        0  oled.o(i.OLED_ShowChar)
    i.OLED_ShowChinese                       0x080016cc   Section        0  oled.o(i.OLED_ShowChinese)
    i.OLED_ShowImage                         0x08001758   Section        0  oled.o(i.OLED_ShowImage)
    i.OLED_ShowNum                           0x08001814   Section        0  oled.o(i.OLED_ShowNum)
    i.OLED_ShowString                        0x0800185a   Section        0  oled.o(i.OLED_ShowString)
    i.OLED_Update                            0x08001888   Section        0  oled.o(i.OLED_Update)
    i.OLED_W_SCL                             0x080018b0   Section        0  oled.o(i.OLED_W_SCL)
    i.OLED_W_SDA                             0x080018c0   Section        0  oled.o(i.OLED_W_SDA)
    i.OLED_WriteCommand                      0x080018d0   Section        0  oled.o(i.OLED_WriteCommand)
    i.OLED_WriteData                         0x080018f2   Section        0  oled.o(i.OLED_WriteData)
    i.PendSV_Handler                         0x08001922   Section        0  stm32f1xx_it.o(i.PendSV_Handler)
    i.SDA_IN                                 0x08001924   Section        0  xiic.o(i.SDA_IN)
    i.SDA_OUT                                0x08001968   Section        0  xiic.o(i.SDA_OUT)
    i.SVC_Handler                            0x080019b0   Section        0  stm32f1xx_it.o(i.SVC_Handler)
    i.SysTick_Handler                        0x080019b2   Section        0  stm32f1xx_it.o(i.SysTick_Handler)
    i.SystemClock_Config                     0x080019b6   Section        0  main.o(i.SystemClock_Config)
    i.SystemInit                             0x08001a14   Section        0  system_stm32f1xx.o(i.SystemInit)
    i.UART_DMAAbortOnError                   0x08001a16   Section        0  stm32f1xx_hal_uart.o(i.UART_DMAAbortOnError)
    UART_DMAAbortOnError                     0x08001a17   Thumb Code    16  stm32f1xx_hal_uart.o(i.UART_DMAAbortOnError)
    i.UART_EndRxTransfer                     0x08001a26   Section        0  stm32f1xx_hal_uart.o(i.UART_EndRxTransfer)
    UART_EndRxTransfer                       0x08001a27   Thumb Code    48  stm32f1xx_hal_uart.o(i.UART_EndRxTransfer)
    i.UART_Receive_IT                        0x08001a56   Section        0  stm32f1xx_hal_uart.o(i.UART_Receive_IT)
    UART_Receive_IT                          0x08001a57   Thumb Code   182  stm32f1xx_hal_uart.o(i.UART_Receive_IT)
    i.UART_SetConfig                         0x08001b0c   Section        0  stm32f1xx_hal_uart.o(i.UART_SetConfig)
    UART_SetConfig                           0x08001b0d   Thumb Code   178  stm32f1xx_hal_uart.o(i.UART_SetConfig)
    i.UART_Start_Receive_IT                  0x08001bc4   Section        0  stm32f1xx_hal_uart.o(i.UART_Start_Receive_IT)
    i.UART_WaitOnFlagUntilTimeout            0x08001bfa   Section        0  stm32f1xx_hal_uart.o(i.UART_WaitOnFlagUntilTimeout)
    UART_WaitOnFlagUntilTimeout              0x08001bfb   Thumb Code   100  stm32f1xx_hal_uart.o(i.UART_WaitOnFlagUntilTimeout)
    i.USART1_IRQHandler                      0x08001c60   Section        0  stm32f1xx_it.o(i.USART1_IRQHandler)
    i.USART2_IRQHandler                      0x08001c6c   Section        0  stm32f1xx_it.o(i.USART2_IRQHandler)
    i.UsageFault_Handler                     0x08001c78   Section        0  stm32f1xx_it.o(i.UsageFault_Handler)
    i.__NVIC_SetPriority                     0x08001c7a   Section        0  stm32f1xx_hal_cortex.o(i.__NVIC_SetPriority)
    __NVIC_SetPriority                       0x08001c7b   Thumb Code    32  stm32f1xx_hal_cortex.o(i.__NVIC_SetPriority)
    i._sys_exit                              0x08001c9a   Section        0  debug_printf.o(i._sys_exit)
    i.delay_init                             0x08001c9c   Section        0  delay.o(i.delay_init)
    i.delay_us                               0x08001ca8   Section        0  delay.o(i.delay_us)
    i.display_data                           0x08001cdc   Section        0  main.o(i.display_data)
    i.getData                                0x08001d28   Section        0  main.o(i.getData)
    i.led_init                               0x08001d40   Section        0  led.o(i.led_init)
    i.main                                   0x08001d7c   Section        0  main.o(i.main)
    i.max30102_Bus_Read                      0x08001e68   Section        0  max30102.o(i.max30102_Bus_Read)
    i.max30102_Bus_Write                     0x08001eb4   Section        0  max30102.o(i.max30102_Bus_Write)
    i.max30102_FIFO_ReadBytes                0x08001ef2   Section        0  max30102.o(i.max30102_FIFO_ReadBytes)
    i.max30102_Read_Data                     0x08001f6c   Section        0  max30102.o(i.max30102_Read_Data)
    i.max30102_init                          0x08002120   Section        0  max30102.o(i.max30102_init)
    i.max30102_reset                         0x08002234   Section        0  max30102.o(i.max30102_reset)
    i.max_int_init                           0x0800224c   Section        0  max30102.o(i.max_int_init)
    i.maxim_find_peaks                       0x08002280   Section        0  algorithm.o(i.maxim_find_peaks)
    i.maxim_heart_rate_and_oxygen_saturation 0x080022b4   Section        0  algorithm.o(i.maxim_heart_rate_and_oxygen_saturation)
    i.maxim_peaks_above_min_height           0x08002670   Section        0  algorithm.o(i.maxim_peaks_above_min_height)
    i.maxim_remove_close_peaks               0x080026dc   Section        0  algorithm.o(i.maxim_remove_close_peaks)
    i.maxim_sort_ascend                      0x08002748   Section        0  algorithm.o(i.maxim_sort_ascend)
    i.maxim_sort_indices_descend             0x0800277c   Section        0  algorithm.o(i.maxim_sort_indices_descend)
    x$fpl$fdiv                               0x080027b8   Section      388  fdiv.o(x$fpl$fdiv)
    _fdiv1                                   0x080027b9   Thumb Code     0  fdiv.o(x$fpl$fdiv)
    x$fpl$ffix                               0x0800293c   Section       54  ffix.o(x$fpl$ffix)
    x$fpl$ffltu                              0x08002974   Section       38  fflt_clz.o(x$fpl$ffltu)
    x$fpl$fmul                               0x0800299c   Section      258  fmul.o(x$fpl$fmul)
    x$fpl$fnaninf                            0x08002a9e   Section      140  fnaninf.o(x$fpl$fnaninf)
    x$fpl$fretinf                            0x08002b2a   Section       10  fretinf.o(x$fpl$fretinf)
    .constdata                               0x08002b34   Section       16  system_stm32f1xx.o(.constdata)
    x$fpl$usenofp                            0x08002b34   Section        0  usenofp.o(x$fpl$usenofp)
    .constdata                               0x08002b44   Section        8  system_stm32f1xx.o(.constdata)
    .constdata                               0x08002b4c   Section      246  algorithm.o(.constdata)
    .constdata                               0x08002c42   Section     1520  oled_data.o(.constdata)
    .constdata                               0x08003232   Section      570  oled_data.o(.constdata)
    .constdata                               0x0800346c   Section      350  oled_data.o(.constdata)
    .data                                    0x20000000   Section       21  main.o(.data)
    .data                                    0x20000018   Section        4  system_stm32f1xx.o(.data)
    .data                                    0x2000001c   Section       20  max30102.o(.data)
    .data                                    0x20000030   Section        4  delay.o(.data)
    g_fac_us                                 0x20000030   Data           4  delay.o(.data)
    .data                                    0x20000034   Section       12  stm32f1xx_hal.o(.data)
    .bss                                     0x20000040   Section      136  usart.o(.bss)
    .bss                                     0x200000c8   Section     5984  algorithm.o(.bss)
    an_dx                                    0x200000c8   Data        1984  algorithm.o(.bss)
    an_x                                     0x20000888   Data        2000  algorithm.o(.bss)
    an_y                                     0x20001058   Data        2000  algorithm.o(.bss)
    .bss                                     0x20001828   Section     4000  max30102.o(.bss)
    .bss                                     0x200027c8   Section     1024  oled.o(.bss)
    .bss                                     0x20002bc8   Section       96  libspace.o(.bss)
    HEAP                                     0x20002c28   Section      512  startup_stm32f103xb.o(HEAP)
    Heap_Mem                                 0x20002c28   Data         512  startup_stm32f103xb.o(HEAP)
    STACK                                    0x20002e28   Section     1024  startup_stm32f103xb.o(STACK)
    Stack_Mem                                0x20002e28   Data        1024  startup_stm32f103xb.o(STACK)
    __initial_sp                             0x20003228   Data           0  startup_stm32f103xb.o(STACK)

    Global Symbols

    Symbol Name                              Value     Ov Type        Size  Object(Section)

    BuildAttributes$$THM_ISAv4$P$D$K$B$S$PE$A:L22UL41UL21$X:L11$S22US41US21$IEEE1$IW$USESV6$~STKCKD$USESV7$~SHL$OTIME$ROPI$IEEEX$EBA8$UX$STANDARDLIB$REQ8$PRES8$EABIv2 0x00000000   Number         0  anon$$obj.o ABSOLUTE
    __ARM_use_no_argv                        0x00000000   Number         0  main.o ABSOLUTE
    _printf_flags                            0x00000000   Number         0  printf_stubs.o ABSOLUTE
    _printf_return_value                     0x00000000   Number         0  printf_stubs.o ABSOLUTE
    _printf_sizespec                         0x00000000   Number         0  printf_stubs.o ABSOLUTE
    _printf_widthprec                        0x00000000   Number         0  printf_stubs.o ABSOLUTE
    __ARM_exceptions_init                     - Undefined Weak Reference
    __alloca_initialize                       - Undefined Weak Reference
    __arm_preinit_                            - Undefined Weak Reference
    __cpp_initialize__aeabi_                  - Undefined Weak Reference
    __cxa_finalize                            - Undefined Weak Reference
    __sigvec_lookup                           - Undefined Weak Reference
    _atexit_init                              - Undefined Weak Reference
    _call_atexit_fns                          - Undefined Weak Reference
    _clock_init                               - Undefined Weak Reference
    _fp_trap_init                             - Undefined Weak Reference
    _fp_trap_shutdown                         - Undefined Weak Reference
    _get_lc_collate                           - Undefined Weak Reference
    _get_lc_monetary                          - Undefined Weak Reference
    _get_lc_time                              - Undefined Weak Reference
    _getenv_init                              - Undefined Weak Reference
    _handle_redirection                       - Undefined Weak Reference
    _init_alloc                               - Undefined Weak Reference
    _init_user_alloc                          - Undefined Weak Reference
    _initio                                   - Undefined Weak Reference
    _printf_mbtowc                            - Undefined Weak Reference
    _printf_wc                                - Undefined Weak Reference
    _rand_init                                - Undefined Weak Reference
    _signal_finish                            - Undefined Weak Reference
    _signal_init                              - Undefined Weak Reference
    _terminate_alloc                          - Undefined Weak Reference
    _terminate_user_alloc                     - Undefined Weak Reference
    _terminateio                              - Undefined Weak Reference
    __Vectors_Size                           0x000000ec   Number         0  startup_stm32f103xb.o ABSOLUTE
    __Vectors                                0x08000000   Data           4  startup_stm32f103xb.o(RESET)
    __Vectors_End                            0x080000ec   Data           0  startup_stm32f103xb.o(RESET)
    __main                                   0x080000ed   Thumb Code     8  __main.o(!!!main)
    __scatterload                            0x080000f5   Thumb Code     0  __scatter.o(!!!scatter)
    __scatterload_rt2                        0x080000f5   Thumb Code    44  __scatter.o(!!!scatter)
    __scatterload_rt2_thumb_only             0x080000f5   Thumb Code     0  __scatter.o(!!!scatter)
    __scatterload_null                       0x08000103   Thumb Code     0  __scatter.o(!!!scatter)
    __scatterload_copy                       0x08000129   Thumb Code    26  __scatter_copy.o(!!handler_copy)
    __scatterload_zeroinit                   0x08000145   Thumb Code    28  __scatter_zi.o(!!handler_zi)
    __rt_lib_init                            0x08000161   Thumb Code     0  libinit.o(.ARM.Collect$$libinit$$00000000)
    __rt_lib_init_alloca_1                   0x08000163   Thumb Code     0  libinit2.o(.ARM.Collect$$libinit$$0000002E)
    __rt_lib_init_argv_1                     0x08000163   Thumb Code     0  libinit2.o(.ARM.Collect$$libinit$$0000002C)
    __rt_lib_init_atexit_1                   0x08000163   Thumb Code     0  libinit2.o(.ARM.Collect$$libinit$$0000001B)
    __rt_lib_init_clock_1                    0x08000163   Thumb Code     0  libinit2.o(.ARM.Collect$$libinit$$00000021)
    __rt_lib_init_cpp_1                      0x08000163   Thumb Code     0  libinit2.o(.ARM.Collect$$libinit$$00000032)
    __rt_lib_init_exceptions_1               0x08000163   Thumb Code     0  libinit2.o(.ARM.Collect$$libinit$$00000030)
    __rt_lib_init_fp_1                       0x08000163   Thumb Code     0  libinit2.o(.ARM.Collect$$libinit$$00000002)
    __rt_lib_init_fp_trap_1                  0x08000163   Thumb Code     0  libinit2.o(.ARM.Collect$$libinit$$0000001F)
    __rt_lib_init_getenv_1                   0x08000163   Thumb Code     0  libinit2.o(.ARM.Collect$$libinit$$00000023)
    __rt_lib_init_heap_1                     0x08000163   Thumb Code     0  libinit2.o(.ARM.Collect$$libinit$$0000000A)
    __rt_lib_init_lc_collate_1               0x08000163   Thumb Code     0  libinit2.o(.ARM.Collect$$libinit$$00000011)
    __rt_lib_init_lc_ctype_1                 0x08000163   Thumb Code     0  libinit2.o(.ARM.Collect$$libinit$$00000013)
    __rt_lib_init_lc_monetary_1              0x08000163   Thumb Code     0  libinit2.o(.ARM.Collect$$libinit$$00000015)
    __rt_lib_init_lc_numeric_1               0x08000163   Thumb Code     0  libinit2.o(.ARM.Collect$$libinit$$00000017)
    __rt_lib_init_lc_time_1                  0x08000163   Thumb Code     0  libinit2.o(.ARM.Collect$$libinit$$00000019)
    __rt_lib_init_preinit_1                  0x08000163   Thumb Code     0  libinit2.o(.ARM.Collect$$libinit$$00000004)
    __rt_lib_init_rand_1                     0x08000163   Thumb Code     0  libinit2.o(.ARM.Collect$$libinit$$0000000E)
    __rt_lib_init_return                     0x08000163   Thumb Code     0  libinit2.o(.ARM.Collect$$libinit$$00000033)
    __rt_lib_init_signal_1                   0x08000163   Thumb Code     0  libinit2.o(.ARM.Collect$$libinit$$0000001D)
    __rt_lib_init_stdio_1                    0x08000163   Thumb Code     0  libinit2.o(.ARM.Collect$$libinit$$00000025)
    __rt_lib_init_user_alloc_1               0x08000163   Thumb Code     0  libinit2.o(.ARM.Collect$$libinit$$0000000C)
    __rt_lib_shutdown                        0x08000165   Thumb Code     0  libshutdown.o(.ARM.Collect$$libshutdown$$00000000)
    __rt_lib_shutdown_cpp_1                  0x08000167   Thumb Code     0  libshutdown2.o(.ARM.Collect$$libshutdown$$00000002)
    __rt_lib_shutdown_fp_trap_1              0x08000167   Thumb Code     0  libshutdown2.o(.ARM.Collect$$libshutdown$$00000007)
    __rt_lib_shutdown_heap_1                 0x08000167   Thumb Code     0  libshutdown2.o(.ARM.Collect$$libshutdown$$0000000F)
    __rt_lib_shutdown_return                 0x08000167   Thumb Code     0  libshutdown2.o(.ARM.Collect$$libshutdown$$00000010)
    __rt_lib_shutdown_signal_1               0x08000167   Thumb Code     0  libshutdown2.o(.ARM.Collect$$libshutdown$$0000000A)
    __rt_lib_shutdown_stdio_1                0x08000167   Thumb Code     0  libshutdown2.o(.ARM.Collect$$libshutdown$$00000004)
    __rt_lib_shutdown_user_alloc_1           0x08000167   Thumb Code     0  libshutdown2.o(.ARM.Collect$$libshutdown$$0000000C)
    __rt_entry                               0x08000169   Thumb Code     0  __rtentry.o(.ARM.Collect$$rtentry$$00000000)
    __rt_entry_presh_1                       0x08000169   Thumb Code     0  __rtentry2.o(.ARM.Collect$$rtentry$$00000002)
    __rt_entry_sh                            0x08000169   Thumb Code     0  __rtentry4.o(.ARM.Collect$$rtentry$$00000004)
    __rt_entry_li                            0x0800016f   Thumb Code     0  __rtentry2.o(.ARM.Collect$$rtentry$$0000000A)
    __rt_entry_postsh_1                      0x0800016f   Thumb Code     0  __rtentry2.o(.ARM.Collect$$rtentry$$00000009)
    __rt_entry_main                          0x08000173   Thumb Code     0  __rtentry2.o(.ARM.Collect$$rtentry$$0000000D)
    __rt_entry_postli_1                      0x08000173   Thumb Code     0  __rtentry2.o(.ARM.Collect$$rtentry$$0000000C)
    __rt_exit                                0x0800017b   Thumb Code     0  rtexit.o(.ARM.Collect$$rtexit$$00000000)
    __rt_exit_ls                             0x0800017d   Thumb Code     0  rtexit2.o(.ARM.Collect$$rtexit$$00000003)
    __rt_exit_prels_1                        0x0800017d   Thumb Code     0  rtexit2.o(.ARM.Collect$$rtexit$$00000002)
    __rt_exit_exit                           0x08000181   Thumb Code     0  rtexit2.o(.ARM.Collect$$rtexit$$00000004)
    Reset_Handler                            0x08000189   Thumb Code     8  startup_stm32f103xb.o(.text)
    ADC1_2_IRQHandler                        0x080001a3   Thumb Code     0  startup_stm32f103xb.o(.text)
    CAN1_RX1_IRQHandler                      0x080001a3   Thumb Code     0  startup_stm32f103xb.o(.text)
    CAN1_SCE_IRQHandler                      0x080001a3   Thumb Code     0  startup_stm32f103xb.o(.text)
    DMA1_Channel1_IRQHandler                 0x080001a3   Thumb Code     0  startup_stm32f103xb.o(.text)
    DMA1_Channel2_IRQHandler                 0x080001a3   Thumb Code     0  startup_stm32f103xb.o(.text)
    DMA1_Channel3_IRQHandler                 0x080001a3   Thumb Code     0  startup_stm32f103xb.o(.text)
    DMA1_Channel4_IRQHandler                 0x080001a3   Thumb Code     0  startup_stm32f103xb.o(.text)
    DMA1_Channel5_IRQHandler                 0x080001a3   Thumb Code     0  startup_stm32f103xb.o(.text)
    DMA1_Channel6_IRQHandler                 0x080001a3   Thumb Code     0  startup_stm32f103xb.o(.text)
    DMA1_Channel7_IRQHandler                 0x080001a3   Thumb Code     0  startup_stm32f103xb.o(.text)
    EXTI0_IRQHandler                         0x080001a3   Thumb Code     0  startup_stm32f103xb.o(.text)
    EXTI15_10_IRQHandler                     0x080001a3   Thumb Code     0  startup_stm32f103xb.o(.text)
    EXTI1_IRQHandler                         0x080001a3   Thumb Code     0  startup_stm32f103xb.o(.text)
    EXTI2_IRQHandler                         0x080001a3   Thumb Code     0  startup_stm32f103xb.o(.text)
    EXTI3_IRQHandler                         0x080001a3   Thumb Code     0  startup_stm32f103xb.o(.text)
    EXTI4_IRQHandler                         0x080001a3   Thumb Code     0  startup_stm32f103xb.o(.text)
    EXTI9_5_IRQHandler                       0x080001a3   Thumb Code     0  startup_stm32f103xb.o(.text)
    FLASH_IRQHandler                         0x080001a3   Thumb Code     0  startup_stm32f103xb.o(.text)
    I2C1_ER_IRQHandler                       0x080001a3   Thumb Code     0  startup_stm32f103xb.o(.text)
    I2C1_EV_IRQHandler                       0x080001a3   Thumb Code     0  startup_stm32f103xb.o(.text)
    I2C2_ER_IRQHandler                       0x080001a3   Thumb Code     0  startup_stm32f103xb.o(.text)
    I2C2_EV_IRQHandler                       0x080001a3   Thumb Code     0  startup_stm32f103xb.o(.text)
    PVD_IRQHandler                           0x080001a3   Thumb Code     0  startup_stm32f103xb.o(.text)
    RCC_IRQHandler                           0x080001a3   Thumb Code     0  startup_stm32f103xb.o(.text)
    RTC_Alarm_IRQHandler                     0x080001a3   Thumb Code     0  startup_stm32f103xb.o(.text)
    RTC_IRQHandler                           0x080001a3   Thumb Code     0  startup_stm32f103xb.o(.text)
    SPI1_IRQHandler                          0x080001a3   Thumb Code     0  startup_stm32f103xb.o(.text)
    SPI2_IRQHandler                          0x080001a3   Thumb Code     0  startup_stm32f103xb.o(.text)
    TAMPER_IRQHandler                        0x080001a3   Thumb Code     0  startup_stm32f103xb.o(.text)
    TIM1_BRK_IRQHandler                      0x080001a3   Thumb Code     0  startup_stm32f103xb.o(.text)
    TIM1_CC_IRQHandler                       0x080001a3   Thumb Code     0  startup_stm32f103xb.o(.text)
    TIM1_TRG_COM_IRQHandler                  0x080001a3   Thumb Code     0  startup_stm32f103xb.o(.text)
    TIM1_UP_IRQHandler                       0x080001a3   Thumb Code     0  startup_stm32f103xb.o(.text)
    TIM2_IRQHandler                          0x080001a3   Thumb Code     0  startup_stm32f103xb.o(.text)
    TIM3_IRQHandler                          0x080001a3   Thumb Code     0  startup_stm32f103xb.o(.text)
    TIM4_IRQHandler                          0x080001a3   Thumb Code     0  startup_stm32f103xb.o(.text)
    USART3_IRQHandler                        0x080001a3   Thumb Code     0  startup_stm32f103xb.o(.text)
    USBWakeUp_IRQHandler                     0x080001a3   Thumb Code     0  startup_stm32f103xb.o(.text)
    USB_HP_CAN1_TX_IRQHandler                0x080001a3   Thumb Code     0  startup_stm32f103xb.o(.text)
    USB_LP_CAN1_RX0_IRQHandler               0x080001a3   Thumb Code     0  startup_stm32f103xb.o(.text)
    WWDG_IRQHandler                          0x080001a3   Thumb Code     0  startup_stm32f103xb.o(.text)
    __user_initial_stackheap                 0x080001a5   Thumb Code     0  startup_stm32f103xb.o(.text)
    __aeabi_memclr4                          0x080001c9   Thumb Code     0  rt_memclr_w.o(.text)
    __aeabi_memclr8                          0x080001c9   Thumb Code     0  rt_memclr_w.o(.text)
    __rt_memclr_w                            0x080001c9   Thumb Code    78  rt_memclr_w.o(.text)
    _memset_w                                0x080001cd   Thumb Code     0  rt_memclr_w.o(.text)
    strcmp                                   0x08000219   Thumb Code   128  strcmpv7m.o(.text)
    __use_two_region_memory                  0x08000299   Thumb Code     2  heapauxi.o(.text)
    __rt_heap_escrow$2region                 0x0800029b   Thumb Code     2  heapauxi.o(.text)
    __rt_heap_expand$2region                 0x0800029d   Thumb Code     2  heapauxi.o(.text)
    __user_libspace                          0x080002a1   Thumb Code     8  libspace.o(.text)
    __user_perproc_libspace                  0x080002a1   Thumb Code     0  libspace.o(.text)
    __user_perthread_libspace                0x080002a1   Thumb Code     0  libspace.o(.text)
    __user_setup_stackheap                   0x080002a9   Thumb Code    74  sys_stackheap_outer.o(.text)
    exit                                     0x080002f3   Thumb Code    18  exit.o(.text)
    BusFault_Handler                         0x08000305   Thumb Code     2  stm32f1xx_it.o(i.BusFault_Handler)
    DebugMon_Handler                         0x08000307   Thumb Code     2  stm32f1xx_it.o(i.DebugMon_Handler)
    Error_Handler                            0x08000309   Thumb Code     4  main.o(i.Error_Handler)
    HAL_DMA_Abort                            0x0800030d   Thumb Code    70  stm32f1xx_hal_dma.o(i.HAL_DMA_Abort)
    HAL_DMA_Abort_IT                         0x08000355   Thumb Code   148  stm32f1xx_hal_dma.o(i.HAL_DMA_Abort_IT)
    HAL_GPIO_Init                            0x080003ed   Thumb Code   446  stm32f1xx_hal_gpio.o(i.HAL_GPIO_Init)
    HAL_GPIO_ReadPin                         0x080005cd   Thumb Code    10  stm32f1xx_hal_gpio.o(i.HAL_GPIO_ReadPin)
    HAL_GPIO_TogglePin                       0x080005d7   Thumb Code    16  stm32f1xx_hal_gpio.o(i.HAL_GPIO_TogglePin)
    HAL_GPIO_WritePin                        0x080005e7   Thumb Code    10  stm32f1xx_hal_gpio.o(i.HAL_GPIO_WritePin)
    HAL_GetTick                              0x080005f1   Thumb Code     6  stm32f1xx_hal.o(i.HAL_GetTick)
    HAL_IncTick                              0x080005fd   Thumb Code    12  stm32f1xx_hal.o(i.HAL_IncTick)
    HAL_Init                                 0x0800060d   Thumb Code    32  stm32f1xx_hal.o(i.HAL_Init)
    HAL_InitTick                             0x08000631   Thumb Code    54  stm32f1xx_hal.o(i.HAL_InitTick)
    HAL_MspInit                              0x08000671   Thumb Code    52  stm32f1xx_hal_msp.o(i.HAL_MspInit)
    HAL_NVIC_EnableIRQ                       0x080006ad   Thumb Code    26  stm32f1xx_hal_cortex.o(i.HAL_NVIC_EnableIRQ)
    HAL_NVIC_SetPriority                     0x080006c9   Thumb Code    60  stm32f1xx_hal_cortex.o(i.HAL_NVIC_SetPriority)
    HAL_NVIC_SetPriorityGrouping             0x08000709   Thumb Code    26  stm32f1xx_hal_cortex.o(i.HAL_NVIC_SetPriorityGrouping)
    HAL_RCC_ClockConfig                      0x0800072d   Thumb Code   280  stm32f1xx_hal_rcc.o(i.HAL_RCC_ClockConfig)
    HAL_RCC_GetPCLK1Freq                     0x08000859   Thumb Code    20  stm32f1xx_hal_rcc.o(i.HAL_RCC_GetPCLK1Freq)
    HAL_RCC_GetPCLK2Freq                     0x08000879   Thumb Code    20  stm32f1xx_hal_rcc.o(i.HAL_RCC_GetPCLK2Freq)
    HAL_RCC_GetSysClockFreq                  0x08000899   Thumb Code    74  stm32f1xx_hal_rcc.o(i.HAL_RCC_GetSysClockFreq)
    HAL_RCC_OscConfig                        0x08000905   Thumb Code   778  stm32f1xx_hal_rcc.o(i.HAL_RCC_OscConfig)
    HAL_SYSTICK_Config                       0x08000c25   Thumb Code    40  stm32f1xx_hal_cortex.o(i.HAL_SYSTICK_Config)
    HAL_UARTEx_RxEventCallback               0x08000c4d   Thumb Code     2  stm32f1xx_hal_uart.o(i.HAL_UARTEx_RxEventCallback)
    HAL_UART_ErrorCallback                   0x08000c4f   Thumb Code     2  stm32f1xx_hal_uart.o(i.HAL_UART_ErrorCallback)
    HAL_UART_IRQHandler                      0x08000c51   Thumb Code   520  stm32f1xx_hal_uart.o(i.HAL_UART_IRQHandler)
    HAL_UART_Init                            0x08000e5d   Thumb Code    98  stm32f1xx_hal_uart.o(i.HAL_UART_Init)
    HAL_UART_MspInit                         0x08000ec1   Thumb Code   230  usart.o(i.HAL_UART_MspInit)
    HAL_UART_Receive_IT                      0x08000fb9   Thumb Code    42  stm32f1xx_hal_uart.o(i.HAL_UART_Receive_IT)
    HAL_UART_RxCpltCallback                  0x08000fe5   Thumb Code    34  main.o(i.HAL_UART_RxCpltCallback)
    HAL_UART_Transmit                        0x08001011   Thumb Code   178  stm32f1xx_hal_uart.o(i.HAL_UART_Transmit)
    HAL_UART_TxCpltCallback                  0x080010c3   Thumb Code     2  stm32f1xx_hal_uart.o(i.HAL_UART_TxCpltCallback)
    HardFault_Handler                        0x080010c5   Thumb Code     2  stm32f1xx_it.o(i.HardFault_Handler)
    IIC_Ack                                  0x080010c9   Thumb Code    64  xiic.o(i.IIC_Ack)
    IIC_Init                                 0x0800110d   Thumb Code    88  xiic.o(i.IIC_Init)
    IIC_NAck                                 0x0800116d   Thumb Code    64  xiic.o(i.IIC_NAck)
    IIC_Read_Byte                            0x080011b1   Thumb Code    96  xiic.o(i.IIC_Read_Byte)
    IIC_Send_Byte                            0x08001215   Thumb Code    90  xiic.o(i.IIC_Send_Byte)
    IIC_Start                                0x08001275   Thumb Code    66  xiic.o(i.IIC_Start)
    IIC_Stop                                 0x080012bd   Thumb Code    66  xiic.o(i.IIC_Stop)
    IIC_Wait_Ack                             0x08001305   Thumb Code    88  xiic.o(i.IIC_Wait_Ack)
    MX_GPIO_Init                             0x08001361   Thumb Code   120  gpio.o(i.MX_GPIO_Init)
    MX_USART1_UART_Init                      0x080013e1   Thumb Code    54  usart.o(i.MX_USART1_UART_Init)
    MX_USART2_UART_Init                      0x08001421   Thumb Code    54  usart.o(i.MX_USART2_UART_Init)
    MemManage_Handler                        0x08001461   Thumb Code     2  stm32f1xx_it.o(i.MemManage_Handler)
    NMI_Handler                              0x08001463   Thumb Code     2  stm32f1xx_it.o(i.NMI_Handler)
    OLED_Clear                               0x08001465   Thumb Code    34  oled.o(i.OLED_Clear)
    OLED_ClearArea                           0x0800148d   Thumb Code    86  oled.o(i.OLED_ClearArea)
    OLED_GPIO_Init                           0x080014e9   Thumb Code   100  oled.o(i.OLED_GPIO_Init)
    OLED_I2C_SendByte                        0x08001555   Thumb Code    58  oled.o(i.OLED_I2C_SendByte)
    OLED_I2C_Start                           0x0800158f   Thumb Code    30  oled.o(i.OLED_I2C_Start)
    OLED_I2C_Stop                            0x080015ad   Thumb Code    24  oled.o(i.OLED_I2C_Stop)
    OLED_Init                                0x080015c5   Thumb Code   156  oled.o(i.OLED_Init)
    OLED_Pow                                 0x08001661   Thumb Code    14  oled.o(i.OLED_Pow)
    OLED_SetCursor                           0x0800166f   Thumb Code    34  oled.o(i.OLED_SetCursor)
    OLED_ShowChar                            0x08001691   Thumb Code    52  oled.o(i.OLED_ShowChar)
    OLED_ShowChinese                         0x080016cd   Thumb Code   132  oled.o(i.OLED_ShowChinese)
    OLED_ShowImage                           0x08001759   Thumb Code   182  oled.o(i.OLED_ShowImage)
    OLED_ShowNum                             0x08001815   Thumb Code    70  oled.o(i.OLED_ShowNum)
    OLED_ShowString                          0x0800185b   Thumb Code    44  oled.o(i.OLED_ShowString)
    OLED_Update                              0x08001889   Thumb Code    34  oled.o(i.OLED_Update)
    OLED_W_SCL                               0x080018b1   Thumb Code    12  oled.o(i.OLED_W_SCL)
    OLED_W_SDA                               0x080018c1   Thumb Code    12  oled.o(i.OLED_W_SDA)
    OLED_WriteCommand                        0x080018d1   Thumb Code    34  oled.o(i.OLED_WriteCommand)
    OLED_WriteData                           0x080018f3   Thumb Code    48  oled.o(i.OLED_WriteData)
    PendSV_Handler                           0x08001923   Thumb Code     2  stm32f1xx_it.o(i.PendSV_Handler)
    SDA_IN                                   0x08001925   Thumb Code    60  xiic.o(i.SDA_IN)
    SDA_OUT                                  0x08001969   Thumb Code    64  xiic.o(i.SDA_OUT)
    SVC_Handler                              0x080019b1   Thumb Code     2  stm32f1xx_it.o(i.SVC_Handler)
    SysTick_Handler                          0x080019b3   Thumb Code     4  stm32f1xx_it.o(i.SysTick_Handler)
    SystemClock_Config                       0x080019b7   Thumb Code    94  main.o(i.SystemClock_Config)
    SystemInit                               0x08001a15   Thumb Code     2  system_stm32f1xx.o(i.SystemInit)
    UART_Start_Receive_IT                    0x08001bc5   Thumb Code    54  stm32f1xx_hal_uart.o(i.UART_Start_Receive_IT)
    USART1_IRQHandler                        0x08001c61   Thumb Code     6  stm32f1xx_it.o(i.USART1_IRQHandler)
    USART2_IRQHandler                        0x08001c6d   Thumb Code     6  stm32f1xx_it.o(i.USART2_IRQHandler)
    UsageFault_Handler                       0x08001c79   Thumb Code     2  stm32f1xx_it.o(i.UsageFault_Handler)
    _sys_exit                                0x08001c9b   Thumb Code     2  debug_printf.o(i._sys_exit)
    delay_init                               0x08001c9d   Thumb Code     6  delay.o(i.delay_init)
    delay_us                                 0x08001ca9   Thumb Code    48  delay.o(i.delay_us)
    display_data                             0x08001cdd   Thumb Code    72  main.o(i.display_data)
    getData                                  0x08001d29   Thumb Code    14  main.o(i.getData)
    led_init                                 0x08001d41   Thumb Code    52  led.o(i.led_init)
    main                                     0x08001d7d   Thumb Code   192  main.o(i.main)
    max30102_Bus_Read                        0x08001e69   Thumb Code    76  max30102.o(i.max30102_Bus_Read)
    max30102_Bus_Write                       0x08001eb5   Thumb Code    62  max30102.o(i.max30102_Bus_Write)
    max30102_FIFO_ReadBytes                  0x08001ef3   Thumb Code   122  max30102.o(i.max30102_FIFO_ReadBytes)
    max30102_Read_Data                       0x08001f6d   Thumb Code   412  max30102.o(i.max30102_Read_Data)
    max30102_init                            0x08002121   Thumb Code   254  max30102.o(i.max30102_init)
    max30102_reset                           0x08002235   Thumb Code    22  max30102.o(i.max30102_reset)
    max_int_init                             0x0800224d   Thumb Code    44  max30102.o(i.max_int_init)
    maxim_find_peaks                         0x08002281   Thumb Code    50  algorithm.o(i.maxim_find_peaks)
    maxim_heart_rate_and_oxygen_saturation   0x080022b5   Thumb Code   936  algorithm.o(i.maxim_heart_rate_and_oxygen_saturation)
    maxim_peaks_above_min_height             0x08002671   Thumb Code   106  algorithm.o(i.maxim_peaks_above_min_height)
    maxim_remove_close_peaks                 0x080026dd   Thumb Code   108  algorithm.o(i.maxim_remove_close_peaks)
    maxim_sort_ascend                        0x08002749   Thumb Code    50  algorithm.o(i.maxim_sort_ascend)
    maxim_sort_indices_descend               0x0800277d   Thumb Code    58  algorithm.o(i.maxim_sort_indices_descend)
    __aeabi_fdiv                             0x080027b9   Thumb Code     0  fdiv.o(x$fpl$fdiv)
    _fdiv                                    0x080027b9   Thumb Code   384  fdiv.o(x$fpl$fdiv)
    __aeabi_f2iz                             0x0800293d   Thumb Code     0  ffix.o(x$fpl$ffix)
    _ffix                                    0x0800293d   Thumb Code    54  ffix.o(x$fpl$ffix)
    __aeabi_ui2f                             0x08002975   Thumb Code     0  fflt_clz.o(x$fpl$ffltu)
    _ffltu                                   0x08002975   Thumb Code    38  fflt_clz.o(x$fpl$ffltu)
    __aeabi_fmul                             0x0800299d   Thumb Code     0  fmul.o(x$fpl$fmul)
    _fmul                                    0x0800299d   Thumb Code   258  fmul.o(x$fpl$fmul)
    __fpl_fnaninf                            0x08002a9f   Thumb Code   140  fnaninf.o(x$fpl$fnaninf)
    __fpl_fretinf                            0x08002b2b   Thumb Code    10  fretinf.o(x$fpl$fretinf)
    AHBPrescTable                            0x08002b34   Data          16  system_stm32f1xx.o(.constdata)
    __I$use$fp                               0x08002b34   Number         0  usenofp.o(x$fpl$usenofp)
    APBPrescTable                            0x08002b44   Data           8  system_stm32f1xx.o(.constdata)
    auw_hamm                                 0x08002b4c   Data          62  algorithm.o(.constdata)
    uch_spo2_table                           0x08002b8a   Data         184  algorithm.o(.constdata)
    OLED_F8x16                               0x08002c42   Data        1520  oled_data.o(.constdata)
    OLED_F6x8                                0x08003232   Data         570  oled_data.o(.constdata)
    OLED_CF16x16                             0x0800346c   Data         350  oled_data.o(.constdata)
    Region$$Table$$Base                      0x080035cc   Number         0  anon$$obj.o(Region$$Table)
    Region$$Table$$Limit                     0x080035ec   Number         0  anon$$obj.o(Region$$Table)
    BloodPressure                            0x20000000   Data           3  main.o(.data)
    TXBuff                                   0x20000003   Data           6  main.o(.data)
    uart1_tx_buf                             0x20000009   Data           6  main.o(.data)
    RXBuff                                   0x2000000f   Data           6  main.o(.data)
    SystemCoreClock                          0x20000018   Data           4  system_stm32f1xx.o(.data)
    max30102_FLAG                            0x2000001c   Data           1  max30102.o(.data)
    max30102_Tem                             0x2000001d   Data           1  max30102.o(.data)
    ch_spo2_valid                            0x2000001e   Data           1  max30102.o(.data)
    ch_hr_valid                              0x2000001f   Data           1  max30102.o(.data)
    heart                                    0x20000020   Data           4  max30102.o(.data)
    n_ir_buffer_length                       0x20000024   Data           4  max30102.o(.data)
    n_sp02                                   0x20000028   Data           4  max30102.o(.data)
    n_heart_rate                             0x2000002c   Data           4  max30102.o(.data)
    uwTickFreq                               0x20000034   Data           1  stm32f1xx_hal.o(.data)
    uwTickPrio                               0x20000038   Data           4  stm32f1xx_hal.o(.data)
    uwTick                                   0x2000003c   Data           4  stm32f1xx_hal.o(.data)
    huart1                                   0x20000040   Data          68  usart.o(.bss)
    huart2                                   0x20000084   Data          68  usart.o(.bss)
    aun_ir_buffer                            0x20001828   Data        2000  max30102.o(.bss)
    aun_red_buffer                           0x20001ff8   Data        2000  max30102.o(.bss)
    OLED_DisplayBuf                          0x200027c8   Data        1024  oled.o(.bss)
    __libspace_start                         0x20002bc8   Data          96  libspace.o(.bss)
    __temporary_stack_top$libspace           0x20002c28   Data           0  libspace.o(.bss)



==============================================================================

Memory Map of the image

  Image Entry point : 0x080000ed

  Load Region LR_IROM1 (Base: 0x08000000, Size: 0x0000362c, Max: 0x00010000, ABSOLUTE)

    Execution Region ER_IROM1 (Exec base: 0x08000000, Load base: 0x08000000, Size: 0x000035ec, Max: 0x00010000, ABSOLUTE)

    Exec Addr    Load Addr    Size         Type   Attr      Idx    E Section Name        Object

    0x08000000   0x08000000   0x000000ec   Data   RO            3    RESET               startup_stm32f103xb.o
    0x080000ec   0x080000ec   0x00000008   Code   RO         2504  * !!!main             c_w.l(__main.o)
    0x080000f4   0x080000f4   0x00000034   Code   RO         2939    !!!scatter          c_w.l(__scatter.o)
    0x08000128   0x08000128   0x0000001a   Code   RO         2941    !!handler_copy      c_w.l(__scatter_copy.o)
    0x08000142   0x08000142   0x00000002   PAD
    0x08000144   0x08000144   0x0000001c   Code   RO         2943    !!handler_zi        c_w.l(__scatter_zi.o)
    0x08000160   0x08000160   0x00000002   Code   RO         2803    .ARM.Collect$$libinit$$00000000  c_w.l(libinit.o)
    0x08000162   0x08000162   0x00000000   Code   RO         2814    .ARM.Collect$$libinit$$00000002  c_w.l(libinit2.o)
    0x08000162   0x08000162   0x00000000   Code   RO         2816    .ARM.Collect$$libinit$$00000004  c_w.l(libinit2.o)
    0x08000162   0x08000162   0x00000000   Code   RO         2819    .ARM.Collect$$libinit$$0000000A  c_w.l(libinit2.o)
    0x08000162   0x08000162   0x00000000   Code   RO         2821    .ARM.Collect$$libinit$$0000000C  c_w.l(libinit2.o)
    0x08000162   0x08000162   0x00000000   Code   RO         2823    .ARM.Collect$$libinit$$0000000E  c_w.l(libinit2.o)
    0x08000162   0x08000162   0x00000000   Code   RO         2826    .ARM.Collect$$libinit$$00000011  c_w.l(libinit2.o)
    0x08000162   0x08000162   0x00000000   Code   RO         2828    .ARM.Collect$$libinit$$00000013  c_w.l(libinit2.o)
    0x08000162   0x08000162   0x00000000   Code   RO         2830    .ARM.Collect$$libinit$$00000015  c_w.l(libinit2.o)
    0x08000162   0x08000162   0x00000000   Code   RO         2832    .ARM.Collect$$libinit$$00000017  c_w.l(libinit2.o)
    0x08000162   0x08000162   0x00000000   Code   RO         2834    .ARM.Collect$$libinit$$00000019  c_w.l(libinit2.o)
    0x08000162   0x08000162   0x00000000   Code   RO         2836    .ARM.Collect$$libinit$$0000001B  c_w.l(libinit2.o)
    0x08000162   0x08000162   0x00000000   Code   RO         2838    .ARM.Collect$$libinit$$0000001D  c_w.l(libinit2.o)
    0x08000162   0x08000162   0x00000000   Code   RO         2840    .ARM.Collect$$libinit$$0000001F  c_w.l(libinit2.o)
    0x08000162   0x08000162   0x00000000   Code   RO         2842    .ARM.Collect$$libinit$$00000021  c_w.l(libinit2.o)
    0x08000162   0x08000162   0x00000000   Code   RO         2844    .ARM.Collect$$libinit$$00000023  c_w.l(libinit2.o)
    0x08000162   0x08000162   0x00000000   Code   RO         2846    .ARM.Collect$$libinit$$00000025  c_w.l(libinit2.o)
    0x08000162   0x08000162   0x00000000   Code   RO         2850    .ARM.Collect$$libinit$$0000002C  c_w.l(libinit2.o)
    0x08000162   0x08000162   0x00000000   Code   RO         2852    .ARM.Collect$$libinit$$0000002E  c_w.l(libinit2.o)
    0x08000162   0x08000162   0x00000000   Code   RO         2854    .ARM.Collect$$libinit$$00000030  c_w.l(libinit2.o)
    0x08000162   0x08000162   0x00000000   Code   RO         2856    .ARM.Collect$$libinit$$00000032  c_w.l(libinit2.o)
    0x08000162   0x08000162   0x00000002   Code   RO         2857    .ARM.Collect$$libinit$$00000033  c_w.l(libinit2.o)
    0x08000164   0x08000164   0x00000002   Code   RO         2879    .ARM.Collect$$libshutdown$$00000000  c_w.l(libshutdown.o)
    0x08000166   0x08000166   0x00000000   Code   RO         2889    .ARM.Collect$$libshutdown$$00000002  c_w.l(libshutdown2.o)
    0x08000166   0x08000166   0x00000000   Code   RO         2891    .ARM.Collect$$libshutdown$$00000004  c_w.l(libshutdown2.o)
    0x08000166   0x08000166   0x00000000   Code   RO         2894    .ARM.Collect$$libshutdown$$00000007  c_w.l(libshutdown2.o)
    0x08000166   0x08000166   0x00000000   Code   RO         2897    .ARM.Collect$$libshutdown$$0000000A  c_w.l(libshutdown2.o)
    0x08000166   0x08000166   0x00000000   Code   RO         2899    .ARM.Collect$$libshutdown$$0000000C  c_w.l(libshutdown2.o)
    0x08000166   0x08000166   0x00000000   Code   RO         2902    .ARM.Collect$$libshutdown$$0000000F  c_w.l(libshutdown2.o)
    0x08000166   0x08000166   0x00000002   Code   RO         2903    .ARM.Collect$$libshutdown$$00000010  c_w.l(libshutdown2.o)
    0x08000168   0x08000168   0x00000000   Code   RO         2570    .ARM.Collect$$rtentry$$00000000  c_w.l(__rtentry.o)
    0x08000168   0x08000168   0x00000000   Code   RO         2711    .ARM.Collect$$rtentry$$00000002  c_w.l(__rtentry2.o)
    0x08000168   0x08000168   0x00000006   Code   RO         2723    .ARM.Collect$$rtentry$$00000004  c_w.l(__rtentry4.o)
    0x0800016e   0x0800016e   0x00000000   Code   RO         2713    .ARM.Collect$$rtentry$$00000009  c_w.l(__rtentry2.o)
    0x0800016e   0x0800016e   0x00000004   Code   RO         2714    .ARM.Collect$$rtentry$$0000000A  c_w.l(__rtentry2.o)
    0x08000172   0x08000172   0x00000000   Code   RO         2716    .ARM.Collect$$rtentry$$0000000C  c_w.l(__rtentry2.o)
    0x08000172   0x08000172   0x00000008   Code   RO         2717    .ARM.Collect$$rtentry$$0000000D  c_w.l(__rtentry2.o)
    0x0800017a   0x0800017a   0x00000002   Code   RO         2808    .ARM.Collect$$rtexit$$00000000  c_w.l(rtexit.o)
    0x0800017c   0x0800017c   0x00000000   Code   RO         2861    .ARM.Collect$$rtexit$$00000002  c_w.l(rtexit2.o)
    0x0800017c   0x0800017c   0x00000004   Code   RO         2862    .ARM.Collect$$rtexit$$00000003  c_w.l(rtexit2.o)
    0x08000180   0x08000180   0x00000006   Code   RO         2863    .ARM.Collect$$rtexit$$00000004  c_w.l(rtexit2.o)
    0x08000186   0x08000186   0x00000002   PAD
    0x08000188   0x08000188   0x00000040   Code   RO            4    .text               startup_stm32f103xb.o
    0x080001c8   0x080001c8   0x0000004e   Code   RO         2498    .text               c_w.l(rt_memclr_w.o)
    0x08000216   0x08000216   0x00000002   PAD
    0x08000218   0x08000218   0x00000080   Code   RO         2500    .text               c_w.l(strcmpv7m.o)
    0x08000298   0x08000298   0x00000006   Code   RO         2502    .text               c_w.l(heapauxi.o)
    0x0800029e   0x0800029e   0x00000002   PAD
    0x080002a0   0x080002a0   0x00000008   Code   RO         2754    .text               c_w.l(libspace.o)
    0x080002a8   0x080002a8   0x0000004a   Code   RO         2757    .text               c_w.l(sys_stackheap_outer.o)
    0x080002f2   0x080002f2   0x00000012   Code   RO         2796    .text               c_w.l(exit.o)
    0x08000304   0x08000304   0x00000002   Code   RO          263    i.BusFault_Handler  stm32f1xx_it.o
    0x08000306   0x08000306   0x00000002   Code   RO          264    i.DebugMon_Handler  stm32f1xx_it.o
    0x08000308   0x08000308   0x00000004   Code   RO           13    i.Error_Handler     main.o
    0x0800030c   0x0800030c   0x00000046   Code   RO         1899    i.HAL_DMA_Abort     stm32f1xx_hal_dma.o
    0x08000352   0x08000352   0x00000002   PAD
    0x08000354   0x08000354   0x00000098   Code   RO         1900    i.HAL_DMA_Abort_IT  stm32f1xx_hal_dma.o
    0x080003ec   0x080003ec   0x000001e0   Code   RO         1835    i.HAL_GPIO_Init     stm32f1xx_hal_gpio.o
    0x080005cc   0x080005cc   0x0000000a   Code   RO         1837    i.HAL_GPIO_ReadPin  stm32f1xx_hal_gpio.o
    0x080005d6   0x080005d6   0x00000010   Code   RO         1838    i.HAL_GPIO_TogglePin  stm32f1xx_hal_gpio.o
    0x080005e6   0x080005e6   0x0000000a   Code   RO         1839    i.HAL_GPIO_WritePin  stm32f1xx_hal_gpio.o
    0x080005f0   0x080005f0   0x0000000c   Code   RO         1531    i.HAL_GetTick       stm32f1xx_hal.o
    0x080005fc   0x080005fc   0x00000010   Code   RO         1537    i.HAL_IncTick       stm32f1xx_hal.o
    0x0800060c   0x0800060c   0x00000024   Code   RO         1538    i.HAL_Init          stm32f1xx_hal.o
    0x08000630   0x08000630   0x00000040   Code   RO         1539    i.HAL_InitTick      stm32f1xx_hal.o
    0x08000670   0x08000670   0x0000003c   Code   RO          351    i.HAL_MspInit       stm32f1xx_hal_msp.o
    0x080006ac   0x080006ac   0x0000001a   Code   RO         1995    i.HAL_NVIC_EnableIRQ  stm32f1xx_hal_cortex.o
    0x080006c6   0x080006c6   0x00000002   PAD
    0x080006c8   0x080006c8   0x00000040   Code   RO         2001    i.HAL_NVIC_SetPriority  stm32f1xx_hal_cortex.o
    0x08000708   0x08000708   0x00000024   Code   RO         2002    i.HAL_NVIC_SetPriorityGrouping  stm32f1xx_hal_cortex.o
    0x0800072c   0x0800072c   0x0000012c   Code   RO         1695    i.HAL_RCC_ClockConfig  stm32f1xx_hal_rcc.o
    0x08000858   0x08000858   0x00000020   Code   RO         1702    i.HAL_RCC_GetPCLK1Freq  stm32f1xx_hal_rcc.o
    0x08000878   0x08000878   0x00000020   Code   RO         1703    i.HAL_RCC_GetPCLK2Freq  stm32f1xx_hal_rcc.o
    0x08000898   0x08000898   0x0000006c   Code   RO         1704    i.HAL_RCC_GetSysClockFreq  stm32f1xx_hal_rcc.o
    0x08000904   0x08000904   0x00000320   Code   RO         1707    i.HAL_RCC_OscConfig  stm32f1xx_hal_rcc.o
    0x08000c24   0x08000c24   0x00000028   Code   RO         2006    i.HAL_SYSTICK_Config  stm32f1xx_hal_cortex.o
    0x08000c4c   0x08000c4c   0x00000002   Code   RO         1174    i.HAL_UARTEx_RxEventCallback  stm32f1xx_hal_uart.o
    0x08000c4e   0x08000c4e   0x00000002   Code   RO         1188    i.HAL_UART_ErrorCallback  stm32f1xx_hal_uart.o
    0x08000c50   0x08000c50   0x0000020c   Code   RO         1191    i.HAL_UART_IRQHandler  stm32f1xx_hal_uart.o
    0x08000e5c   0x08000e5c   0x00000062   Code   RO         1192    i.HAL_UART_Init     stm32f1xx_hal_uart.o
    0x08000ebe   0x08000ebe   0x00000002   PAD
    0x08000ec0   0x08000ec0   0x000000f8   Code   RO          213    i.HAL_UART_MspInit  usart.o
    0x08000fb8   0x08000fb8   0x0000002a   Code   RO         1197    i.HAL_UART_Receive_IT  stm32f1xx_hal_uart.o
    0x08000fe2   0x08000fe2   0x00000002   PAD
    0x08000fe4   0x08000fe4   0x0000002c   Code   RO           14    i.HAL_UART_RxCpltCallback  main.o
    0x08001010   0x08001010   0x000000b2   Code   RO         1200    i.HAL_UART_Transmit  stm32f1xx_hal_uart.o
    0x080010c2   0x080010c2   0x00000002   Code   RO         1203    i.HAL_UART_TxCpltCallback  stm32f1xx_hal_uart.o
    0x080010c4   0x080010c4   0x00000002   Code   RO          265    i.HardFault_Handler  stm32f1xx_it.o
    0x080010c6   0x080010c6   0x00000002   PAD
    0x080010c8   0x080010c8   0x00000044   Code   RO          655    i.IIC_Ack           xiic.o
    0x0800110c   0x0800110c   0x00000060   Code   RO          656    i.IIC_Init          xiic.o
    0x0800116c   0x0800116c   0x00000044   Code   RO          657    i.IIC_NAck          xiic.o
    0x080011b0   0x080011b0   0x00000064   Code   RO          659    i.IIC_Read_Byte     xiic.o
    0x08001214   0x08001214   0x00000060   Code   RO          661    i.IIC_Send_Byte     xiic.o
    0x08001274   0x08001274   0x00000048   Code   RO          662    i.IIC_Start         xiic.o
    0x080012bc   0x080012bc   0x00000048   Code   RO          663    i.IIC_Stop          xiic.o
    0x08001304   0x08001304   0x0000005c   Code   RO          664    i.IIC_Wait_Ack      xiic.o
    0x08001360   0x08001360   0x00000080   Code   RO          188    i.MX_GPIO_Init      gpio.o
    0x080013e0   0x080013e0   0x00000040   Code   RO          214    i.MX_USART1_UART_Init  usart.o
    0x08001420   0x08001420   0x00000040   Code   RO          215    i.MX_USART2_UART_Init  usart.o
    0x08001460   0x08001460   0x00000002   Code   RO          266    i.MemManage_Handler  stm32f1xx_it.o
    0x08001462   0x08001462   0x00000002   Code   RO          267    i.NMI_Handler       stm32f1xx_it.o
    0x08001464   0x08001464   0x00000028   Code   RO          757    i.OLED_Clear        oled.o
    0x0800148c   0x0800148c   0x0000005c   Code   RO          758    i.OLED_ClearArea    oled.o
    0x080014e8   0x080014e8   0x0000006c   Code   RO          766    i.OLED_GPIO_Init    oled.o
    0x08001554   0x08001554   0x0000003a   Code   RO          768    i.OLED_I2C_SendByte  oled.o
    0x0800158e   0x0800158e   0x0000001e   Code   RO          769    i.OLED_I2C_Start    oled.o
    0x080015ac   0x080015ac   0x00000018   Code   RO          770    i.OLED_I2C_Stop     oled.o
    0x080015c4   0x080015c4   0x0000009c   Code   RO          771    i.OLED_Init         oled.o
    0x08001660   0x08001660   0x0000000e   Code   RO          773    i.OLED_Pow          oled.o
    0x0800166e   0x0800166e   0x00000022   Code   RO          777    i.OLED_SetCursor    oled.o
    0x08001690   0x08001690   0x0000003c   Code   RO          779    i.OLED_ShowChar     oled.o
    0x080016cc   0x080016cc   0x0000008c   Code   RO          780    i.OLED_ShowChinese  oled.o
    0x08001758   0x08001758   0x000000bc   Code   RO          783    i.OLED_ShowImage    oled.o
    0x08001814   0x08001814   0x00000046   Code   RO          784    i.OLED_ShowNum      oled.o
    0x0800185a   0x0800185a   0x0000002c   Code   RO          786    i.OLED_ShowString   oled.o
    0x08001886   0x08001886   0x00000002   PAD
    0x08001888   0x08001888   0x00000028   Code   RO          787    i.OLED_Update       oled.o
    0x080018b0   0x080018b0   0x00000010   Code   RO          789    i.OLED_W_SCL        oled.o
    0x080018c0   0x080018c0   0x00000010   Code   RO          790    i.OLED_W_SDA        oled.o
    0x080018d0   0x080018d0   0x00000022   Code   RO          791    i.OLED_WriteCommand  oled.o
    0x080018f2   0x080018f2   0x00000030   Code   RO          792    i.OLED_WriteData    oled.o
    0x08001922   0x08001922   0x00000002   Code   RO          268    i.PendSV_Handler    stm32f1xx_it.o
    0x08001924   0x08001924   0x00000044   Code   RO          667    i.SDA_IN            xiic.o
    0x08001968   0x08001968   0x00000048   Code   RO          668    i.SDA_OUT           xiic.o
    0x080019b0   0x080019b0   0x00000002   Code   RO          269    i.SVC_Handler       stm32f1xx_it.o
    0x080019b2   0x080019b2   0x00000004   Code   RO          270    i.SysTick_Handler   stm32f1xx_it.o
    0x080019b6   0x080019b6   0x0000005e   Code   RO           15    i.SystemClock_Config  main.o
    0x08001a14   0x08001a14   0x00000002   Code   RO          376    i.SystemInit        system_stm32f1xx.o
    0x08001a16   0x08001a16   0x00000010   Code   RO         1205    i.UART_DMAAbortOnError  stm32f1xx_hal_uart.o
    0x08001a26   0x08001a26   0x00000030   Code   RO         1215    i.UART_EndRxTransfer  stm32f1xx_hal_uart.o
    0x08001a56   0x08001a56   0x000000b6   Code   RO         1217    i.UART_Receive_IT   stm32f1xx_hal_uart.o
    0x08001b0c   0x08001b0c   0x000000b8   Code   RO         1218    i.UART_SetConfig    stm32f1xx_hal_uart.o
    0x08001bc4   0x08001bc4   0x00000036   Code   RO         1220    i.UART_Start_Receive_IT  stm32f1xx_hal_uart.o
    0x08001bfa   0x08001bfa   0x00000064   Code   RO         1221    i.UART_WaitOnFlagUntilTimeout  stm32f1xx_hal_uart.o
    0x08001c5e   0x08001c5e   0x00000002   PAD
    0x08001c60   0x08001c60   0x0000000c   Code   RO          271    i.USART1_IRQHandler  stm32f1xx_it.o
    0x08001c6c   0x08001c6c   0x0000000c   Code   RO          272    i.USART2_IRQHandler  stm32f1xx_it.o
    0x08001c78   0x08001c78   0x00000002   Code   RO          273    i.UsageFault_Handler  stm32f1xx_it.o
    0x08001c7a   0x08001c7a   0x00000020   Code   RO         2008    i.__NVIC_SetPriority  stm32f1xx_hal_cortex.o
    0x08001c9a   0x08001c9a   0x00000002   Code   RO          413    i._sys_exit         debug_printf.o
    0x08001c9c   0x08001c9c   0x0000000c   Code   RO         1024    i.delay_init        delay.o
    0x08001ca8   0x08001ca8   0x00000034   Code   RO         1026    i.delay_us          delay.o
    0x08001cdc   0x08001cdc   0x0000004c   Code   RO           16    i.display_data      main.o
    0x08001d28   0x08001d28   0x00000018   Code   RO           17    i.getData           main.o
    0x08001d40   0x08001d40   0x0000003c   Code   RO         1067    i.led_init          led.o
    0x08001d7c   0x08001d7c   0x000000ec   Code   RO           18    i.main              main.o
    0x08001e68   0x08001e68   0x0000004c   Code   RO          523    i.max30102_Bus_Read  max30102.o
    0x08001eb4   0x08001eb4   0x0000003e   Code   RO          524    i.max30102_Bus_Write  max30102.o
    0x08001ef2   0x08001ef2   0x0000007a   Code   RO          525    i.max30102_FIFO_ReadBytes  max30102.o
    0x08001f6c   0x08001f6c   0x000001b4   Code   RO          527    i.max30102_Read_Data  max30102.o
    0x08002120   0x08002120   0x00000114   Code   RO          528    i.max30102_init     max30102.o
    0x08002234   0x08002234   0x00000016   Code   RO          529    i.max30102_reset    max30102.o
    0x0800224a   0x0800224a   0x00000002   PAD
    0x0800224c   0x0800224c   0x00000034   Code   RO          530    i.max_int_init      max30102.o
    0x08002280   0x08002280   0x00000032   Code   RO          465    i.maxim_find_peaks  algorithm.o
    0x080022b2   0x080022b2   0x00000002   PAD
    0x080022b4   0x080022b4   0x000003bc   Code   RO          466    i.maxim_heart_rate_and_oxygen_saturation  algorithm.o
    0x08002670   0x08002670   0x0000006a   Code   RO          467    i.maxim_peaks_above_min_height  algorithm.o
    0x080026da   0x080026da   0x00000002   PAD
    0x080026dc   0x080026dc   0x0000006c   Code   RO          468    i.maxim_remove_close_peaks  algorithm.o
    0x08002748   0x08002748   0x00000032   Code   RO          469    i.maxim_sort_ascend  algorithm.o
    0x0800277a   0x0800277a   0x00000002   PAD
    0x0800277c   0x0800277c   0x0000003a   Code   RO          470    i.maxim_sort_indices_descend  algorithm.o
    0x080027b6   0x080027b6   0x00000002   PAD
    0x080027b8   0x080027b8   0x00000184   Code   RO         2545    x$fpl$fdiv          fz_ws.l(fdiv.o)
    0x0800293c   0x0800293c   0x00000036   Code   RO         2548    x$fpl$ffix          fz_ws.l(ffix.o)
    0x08002972   0x08002972   0x00000002   PAD
    0x08002974   0x08002974   0x00000026   Code   RO         2552    x$fpl$ffltu         fz_ws.l(fflt_clz.o)
    0x0800299a   0x0800299a   0x00000002   PAD
    0x0800299c   0x0800299c   0x00000102   Code   RO         2558    x$fpl$fmul          fz_ws.l(fmul.o)
    0x08002a9e   0x08002a9e   0x0000008c   Code   RO         2672    x$fpl$fnaninf       fz_ws.l(fnaninf.o)
    0x08002b2a   0x08002b2a   0x0000000a   Code   RO         2674    x$fpl$fretinf       fz_ws.l(fretinf.o)
    0x08002b34   0x08002b34   0x00000000   Code   RO         2684    x$fpl$usenofp       fz_ws.l(usenofp.o)
    0x08002b34   0x08002b34   0x00000010   Data   RO          377    .constdata          system_stm32f1xx.o
    0x08002b44   0x08002b44   0x00000008   Data   RO          378    .constdata          system_stm32f1xx.o
    0x08002b4c   0x08002b4c   0x000000f6   Data   RO          472    .constdata          algorithm.o
    0x08002c42   0x08002c42   0x000005f0   Data   RO         1005    .constdata          oled_data.o
    0x08003232   0x08003232   0x0000023a   Data   RO         1006    .constdata          oled_data.o
    0x0800346c   0x0800346c   0x0000015e   Data   RO         1007    .constdata          oled_data.o
    0x080035ca   0x080035ca   0x00000002   PAD
    0x080035cc   0x080035cc   0x00000020   Data   RO         2937    Region$$Table       anon$$obj.o


    Execution Region RW_IRAM1 (Exec base: 0x20000000, Load base: 0x080035ec, Size: 0x00003228, Max: 0x00005000, ABSOLUTE)

    Exec Addr    Load Addr    Size         Type   Attr      Idx    E Section Name        Object

    0x20000000   0x080035ec   0x00000015   Data   RW           20    .data               main.o
    0x20000015   0x08003601   0x00000003   PAD
    0x20000018   0x08003604   0x00000004   Data   RW          379    .data               system_stm32f1xx.o
    0x2000001c   0x08003608   0x00000014   Data   RW          536    .data               max30102.o
    0x20000030   0x0800361c   0x00000004   Data   RW         1027    .data               delay.o
    0x20000034   0x08003620   0x0000000c   Data   RW         1545    .data               stm32f1xx_hal.o
    0x20000040        -       0x00000088   Zero   RW          217    .bss                usart.o
    0x200000c8        -       0x00001760   Zero   RW          471    .bss                algorithm.o
    0x20001828        -       0x00000fa0   Zero   RW          535    .bss                max30102.o
    0x200027c8        -       0x00000400   Zero   RW          794    .bss                oled.o
    0x20002bc8        -       0x00000060   Zero   RW         2755    .bss                c_w.l(libspace.o)
    0x20002c28        -       0x00000200   Zero   RW            2    HEAP                startup_stm32f103xb.o
    0x20002e28        -       0x00000400   Zero   RW            1    STACK               startup_stm32f103xb.o


==============================================================================

Image component sizes


      Code (inc. data)   RO Data    RW Data    ZI Data      Debug   Object Name

      1328         20        246          0       5984       7769   algorithm.o
         2          0          0          0          0        436   debug_printf.o
        64         10          0          4          0       1320   delay.o
       128          8          0          0          0        979   gpio.o
        60          8          0          0          0        839   led.o
       478         68          0         21          0     397420   main.o
      1046         54          0         20       4000       6692   max30102.o
      1212         56          0          0       1024      12298   oled.o
         0          0       2440          0          0       1158   oled_data.o
        64         26        236          0       1536        816   startup_stm32f103xb.o
       128         24          0         12          0       5397   stm32f1xx_hal.o
       198         14          0          0          0      29019   stm32f1xx_hal_cortex.o
       222          4          0          0          0       1811   stm32f1xx_hal_dma.o
       516         34          0          0          0       4192   stm32f1xx_hal_gpio.o
        60          8          0          0          0        898   stm32f1xx_hal_msp.o
      1272        100          0          0          0       5276   stm32f1xx_hal_rcc.o
      1432         10          0          0          0      10716   stm32f1xx_hal_uart.o
        44         12          0          0          0       4894   stm32f1xx_it.o
         2          0         24          4          0       1155   system_stm32f1xx.o
       376         38          0          0        136       2547   usart.o
       804         58          0          0          0       5989   xiic.o

    ----------------------------------------------------------------------
      9460        552       2980         64      12680     501621   Object Totals
         0          0         32          0          0          0   (incl. Generated)
        24          0          2          3          0          0   (incl. Padding)

    ----------------------------------------------------------------------

      Code (inc. data)   RO Data    RW Data    ZI Data      Debug   Library Member Name

         8          0          0          0          0         68   __main.o
         0          0          0          0          0          0   __rtentry.o
        12          0          0          0          0          0   __rtentry2.o
         6          0          0          0          0          0   __rtentry4.o
        52          8          0          0          0          0   __scatter.o
        26          0          0          0          0          0   __scatter_copy.o
        28          0          0          0          0          0   __scatter_zi.o
        18          0          0          0          0         80   exit.o
         6          0          0          0          0        152   heapauxi.o
         2          0          0          0          0          0   libinit.o
         2          0          0          0          0          0   libinit2.o
         2          0          0          0          0          0   libshutdown.o
         2          0          0          0          0          0   libshutdown2.o
         8          4          0          0         96         68   libspace.o
        78          0          0          0          0         80   rt_memclr_w.o
         2          0          0          0          0          0   rtexit.o
        10          0          0          0          0          0   rtexit2.o
       128          0          0          0          0         68   strcmpv7m.o
        74          0          0          0          0         80   sys_stackheap_outer.o
       388         76          0          0          0         96   fdiv.o
        54          4          0          0          0         84   ffix.o
        38          0          0          0          0         68   fflt_clz.o
       258          4          0          0          0         84   fmul.o
       140          4          0          0          0         84   fnaninf.o
        10          0          0          0          0         68   fretinf.o
         0          0          0          0          0          0   usenofp.o

    ----------------------------------------------------------------------
      1364        100          0          0         96       1080   Library Totals
        12          0          0          0          0          0   (incl. Padding)

    ----------------------------------------------------------------------

      Code (inc. data)   RO Data    RW Data    ZI Data      Debug   Library Name

       464         12          0          0         96        596   c_w.l
       888         88          0          0          0        484   fz_ws.l

    ----------------------------------------------------------------------
      1364        100          0          0         96       1080   Library Totals

    ----------------------------------------------------------------------

==============================================================================


      Code (inc. data)   RO Data    RW Data    ZI Data      Debug   

     10824        652       2980         64      12776     497237   Grand Totals
     10824        652       2980         64      12776     497237   ELF Image Totals
     10824        652       2980         64          0          0   ROM Totals

==============================================================================

    Total RO  Size (Code + RO Data)                13804 (  13.48kB)
    Total RW  Size (RW Data + ZI Data)             12840 (  12.54kB)
    Total ROM Size (Code + RO Data + RW Data)      13868 (  13.54kB)

==============================================================================

